[2026-09-28T16:47:42Z] Teacher script started
[2026-09-28T16:47:42Z] --> Starting teacher (ONLINE)...
Loading map from obstacles.sdf...
Loaded 180 obstacles.
[2026-09-28T16:47:42Z] --> Map loaded.
Grid Size: 535x540, Bounds: x[-268.0,267.0] y[-270.0,270.0]
Rasterizing obstacles...
Computing clearance field...
Clearance field ready.
[2026-09-28T16:47:43Z] --> Grid ready.
[2026-09-28T16:47:43Z] --> Redis connected (Bridge Established) at 127.0.0.1:6379
[2026-09-28T16:47:43Z] --> Connecting to udpin://127.0.0.1:14540...
[2026-09-28T16:47:44Z] --> Waiting for drone (timeout 30s)...
[2026-09-28T16:47:44Z] --> Connected!
[2026-09-28T16:47:44Z] --> PX4 param applied: COM_ARM_WO_GPS=1
[2026-09-28T16:47:44Z] --> PX4 param applied: COM_DISARM_PRFLT=60.0
[2026-09-28T16:47:44Z] --> PX4 param applied: COM_PREARM_MODE=0
--> Control bridge mode active; awaiting app commands...
[2026-09-28T16:47:45Z] FALCON metrics | xtrack=-0.00m head_err=0.0deg sideslip=-1.5deg front_clear=20.00m geom_clear=14.00m tilt=0.0deg progress=0.00mps
[2026-09-28T16:47:47Z] FALCON metrics | xtrack=0.00m head_err=0.0deg sideslip=1.0deg front_clear=20.00m geom_clear=14.00m tilt=0.0deg progress=0.01mps
[2026-09-28T16:47:49Z] FALCON metrics | xtrack=-0.00m head_err=0.0deg sideslip=1.9deg front_clear=20.00m geom_clear=14.00m tilt=0.0deg progress=-0.01mps
[2026-09-28T16:47:50Z] FALCON metrics | xtrack=0.00m head_err=0.0deg sideslip=-0.2deg front_clear=20.00m geom_clear=14.00m tilt=0.0deg progress=-0.01mps
[2026-09-28T16:47:52Z] FALCON metrics | xtrack=-0.00m head_err=0.0deg sideslip=0.8deg front_clear=20.00m geom_clear=14.00m tilt=0.0deg progress=0.01mps
[2026-09-28T16:47:53Z] FALCON metrics | xtrack=0.00m head_err=0.0deg sideslip=1.0deg front_clear=20.00m geom_clear=14.00m tilt=0.0deg progress=-0.01mps
[2026-09-28T16:47:55Z] FALCON metrics | xtrack=-0.00m head_err=0.0deg sideslip=1.8deg front_clear=20.00m geom_clear=14.00m tilt=0.0deg progress=-0.01mps
[2026-09-28T16:47:57Z] FALCON metrics | xtrack=-0.00m head_err=0.0deg sideslip=2.6deg front_clear=20.00m geom_clear=14.00m tilt=0.0deg progress=-0.02mps
[2026-09-28T16:47:58Z] FALCON metrics | xtrack=0.00m head_err=0.0deg sideslip=3.1deg front_clear=20.00m geom_clear=14.00m tilt=0.0deg progress=-0.02mps
[2026-09-28T16:48:00Z] FALCON metrics | xtrack=0.00m head_err=0.0deg sideslip=1.8deg front_clear=20.00m geom_clear=14.00m tilt=0.0deg progress=-0.00mps
[2026-09-28T16:48:00Z] --> Received Command: mission_start
[2026-09-28T16:48:03Z] --> External mission armed; awaiting climb to 10.0m
[2026-09-28T16:48:03Z] FALCON metrics | xtrack=0.00m head_err=134.4deg sideslip=-1.8deg front_clear=20.00m geom_clear=14.00m tilt=0.0deg progress=-0.01mps
[2026-09-28T16:48:04Z] FALCON metrics | xtrack=0.00m head_err=150.4deg sideslip=-0.7deg front_clear=20.00m geom_clear=14.00m tilt=0.0deg progress=-0.01mps
[2026-09-28T16:48:06Z] FALCON metrics | xtrack=-0.00m head_err=-41.4deg sideslip=3.3deg front_clear=20.00m geom_clear=14.00m tilt=0.0deg progress=-0.05mps
[2026-09-28T16:48:08Z] FALCON metrics | xtrack=0.00m head_err=42.8deg sideslip=-1.8deg front_clear=20.00m geom_clear=14.00m tilt=0.0deg progress=0.01mps
[2026-09-28T16:48:09Z] FALCON metrics | xtrack=0.00m head_err=144.8deg sideslip=2.2deg front_clear=20.00m geom_clear=14.00m tilt=0.0deg progress=0.00mps
[2026-09-28T16:48:11Z] FALCON metrics | xtrack=0.00m head_err=116.5deg sideslip=-3.4deg front_clear=20.00m geom_clear=14.00m tilt=0.0deg progress=-0.02mps
[2026-09-28T16:48:16Z] !! Mission offboard start warning: NO_SETPOINT_SET: 'No Setpoint Set'; origin: start(); params: ()
[2026-09-28T16:48:16Z] --> External mission navigation engaged for waypoint 1
Planning A* to -0,25...
Path found! 2 waypoints
[2026-09-28T16:48:16Z] FALCON metrics | xtrack=0.96m head_err=96.7deg sideslip=2.0deg front_clear=20.00m geom_clear=14.00m tilt=0.0deg progress=0.01mps
[2026-09-28T16:48:17Z] FALCON metrics | xtrack=0.95m head_err=96.7deg sideslip=-1.6deg front_clear=20.00m geom_clear=14.00m tilt=0.0deg progress=-0.01mps
[2026-09-28T16:48:19Z] FALCON metrics | xtrack=0.94m head_err=96.6deg sideslip=1.8deg front_clear=20.00m geom_clear=14.00m tilt=0.0deg progress=0.01mps
[2026-09-28T16:48:20Z] FALCON metrics | xtrack=0.95m head_err=96.7deg sideslip=3.2deg front_clear=20.00m geom_clear=14.00m tilt=0.0deg progress=0.01mps
[2026-09-28T16:48:22Z] FALCON metrics | xtrack=0.98m head_err=96.7deg sideslip=0.4deg front_clear=20.00m geom_clear=14.00m tilt=0.0deg progress=0.01mps
[2026-09-28T16:48:24Z] FALCON metrics | xtrack=0.96m head_err=96.7deg sideslip=-1.0deg front_clear=20.00m geom_clear=14.00m tilt=0.0deg progress=-0.01mps
[2026-09-28T16:48:25Z] FALCON metrics | xtrack=0.94m head_err=96.7deg sideslip=-0.6deg front_clear=20.00m geom_clear=14.00m tilt=0.0deg progress=-0.00mps
[2026-09-28T16:48:27Z] FALCON metrics | xtrack=0.96m head_err=96.7deg sideslip=0.8deg front_clear=20.00m geom_clear=14.00m tilt=0.0deg progress=0.00mps
[2026-09-28T16:48:28Z] FALCON metrics | xtrack=0.97m head_err=96.7deg sideslip=2.3deg front_clear=20.00m geom_clear=14.00m tilt=0.0deg progress=0.01mps
[2026-09-28T16:48:30Z] FALCON metrics | xtrack=0.97m head_err=96.7deg sideslip=1.3deg front_clear=20.00m geom_clear=14.00m tilt=0.0deg progress=0.01mps
[2026-09-28T16:48:32Z] FALCON metrics | xtrack=0.98m head_err=96.7deg sideslip=3.4deg front_clear=20.00m geom_clear=14.00m tilt=0.0deg progress=0.02mps
[2026-09-28T16:48:33Z] FALCON metrics | xtrack=0.94m head_err=96.6deg sideslip=2.3deg front_clear=20.00m geom_clear=14.00m tilt=0.0deg progress=0.02mps
[2026-09-28T16:48:35Z] FALCON metrics | xtrack=0.96m head_err=96.6deg sideslip=1.5deg front_clear=20.00m geom_clear=14.00m tilt=0.0deg progress=0.00mps
[2026-09-28T16:48:36Z] FALCON metrics | xtrack=0.96m head_err=96.6deg sideslip=-6.3deg front_clear=20.00m geom_clear=14.00m tilt=0.0deg progress=-0.03mps
[2026-09-28T16:48:38Z] FALCON metrics | xtrack=0.94m head_err=96.7deg sideslip=1.8deg front_clear=20.00m geom_clear=14.00m tilt=0.0deg progress=0.01mps
[2026-09-28T16:48:40Z] FALCON metrics | xtrack=0.98m head_err=96.7deg sideslip=0.3deg front_clear=20.00m geom_clear=14.00m tilt=0.0deg progress=0.00mps
[2026-09-28T16:48:41Z] FALCON metrics | xtrack=0.96m head_err=96.7deg sideslip=3.5deg front_clear=20.00m geom_clear=14.00m tilt=0.0deg progress=0.02mps
[2026-09-28T16:48:43Z] FALCON metrics | xtrack=0.99m head_err=96.7deg sideslip=-3.1deg front_clear=20.00m geom_clear=14.00m tilt=0.0deg progress=-0.01mps
[2026-09-28T16:48:44Z] FALCON metrics | xtrack=0.95m head_err=96.7deg sideslip=-1.3deg front_clear=20.00m geom_clear=14.00m tilt=0.0deg progress=-0.00mps
[2026-09-28T16:48:46Z] FALCON metrics | xtrack=0.96m head_err=96.7deg sideslip=-2.9deg front_clear=20.00m geom_clear=14.00m tilt=0.0deg progress=-0.02mps
[2026-09-28T16:48:48Z] FALCON metrics | xtrack=0.96m head_err=96.8deg sideslip=1.0deg front_clear=20.00m geom_clear=14.00m tilt=0.0deg progress=0.00mps
[2026-09-28T16:48:49Z] FALCON metrics | xtrack=0.95m head_err=96.7deg sideslip=0.9deg front_clear=20.00m geom_clear=14.00m tilt=0.0deg progress=0.01mps
[2026-09-28T16:48:51Z] FALCON metrics | xtrack=0.96m head_err=96.7deg sideslip=0.8deg front_clear=20.00m geom_clear=14.00m tilt=0.0deg progress=0.00mps
[2026-09-28T16:48:52Z] FALCON metrics | xtrack=0.94m head_err=96.7deg sideslip=-1.1deg front_clear=20.00m geom_clear=14.00m tilt=0.0deg progress=-0.01mps
[2026-09-28T16:48:54Z] FALCON metrics | xtrack=0.96m head_err=96.7deg sideslip=0.2deg front_clear=20.00m geom_clear=14.00m tilt=0.0deg progress=0.00mps
[2026-09-28T16:48:56Z] FALCON metrics | xtrack=0.96m head_err=96.7deg sideslip=1.2deg front_clear=20.00m geom_clear=14.00m tilt=0.0deg progress=0.01mps
[2026-09-28T16:48:57Z] FALCON metrics | xtrack=0.94m head_err=96.7deg sideslip=-2.5deg front_clear=20.00m geom_clear=14.00m tilt=0.0deg progress=-0.01mps
[2026-09-28T16:48:59Z] FALCON metrics | xtrack=0.98m head_err=96.6deg sideslip=-1.0deg front_clear=20.00m geom_clear=14.00m tilt=0.0deg progress=-0.00mps
[2026-09-28T16:49:00Z] FALCON metrics | xtrack=0.99m head_err=96.8deg sideslip=-0.4deg front_clear=20.00m geom_clear=14.00m tilt=0.0deg progress=-0.00mps
[2026-09-28T16:49:02Z] FALCON metrics | xtrack=0.98m head_err=96.6deg sideslip=-0.8deg front_clear=20.00m geom_clear=14.00m tilt=0.0deg progress=0.00mps
[2026-09-28T16:49:04Z] FALCON metrics | xtrack=0.94m head_err=96.6deg sideslip=6.9deg front_clear=20.00m geom_clear=14.00m tilt=0.0deg progress=0.04mps
[2026-09-28T16:49:05Z] FALCON metrics | xtrack=0.93m head_err=96.7deg sideslip=0.6deg front_clear=20.00m geom_clear=14.00m tilt=0.0deg progress=-0.00mps
[2026-09-28T16:49:07Z] FALCON metrics | xtrack=0.99m head_err=96.6deg sideslip=-5.1deg front_clear=20.00m geom_clear=14.00m tilt=0.0deg progress=-0.03mps
[2026-09-28T16:49:09Z] FALCON metrics | xtrack=0.97m head_err=96.5deg sideslip=-0.5deg front_clear=20.00m geom_clear=14.00m tilt=0.0deg progress=0.00mps
[2026-09-28T16:49:10Z] FALCON metrics | xtrack=0.96m head_err=96.7deg sideslip=5.8deg front_clear=20.00m geom_clear=14.00m tilt=0.0deg progress=0.03mps
[2026-09-28T16:49:12Z] FALCON metrics | xtrack=0.94m head_err=96.7deg sideslip=0.1deg front_clear=20.00m geom_clear=14.00m tilt=0.0deg progress=-0.00mps
[2026-09-28T16:49:13Z] FALCON metrics | xtrack=0.96m head_err=96.7deg sideslip=1.0deg front_clear=20.00m geom_clear=14.00m tilt=0.0deg progress=0.01mps
[2026-09-28T16:49:15Z] FALCON metrics | xtrack=0.96m head_err=96.7deg sideslip=-2.6deg front_clear=20.00m geom_clear=14.00m tilt=0.0deg progress=-0.01mps
[2026-09-28T16:49:17Z] FALCON metrics | xtrack=0.96m head_err=96.7deg sideslip=2.1deg front_clear=20.00m geom_clear=14.00m tilt=0.0deg progress=0.01mps
[2026-09-28T16:49:18Z] FALCON metrics | xtrack=0.93m head_err=96.7deg sideslip=-0.7deg front_clear=20.00m geom_clear=14.00m tilt=0.0deg progress=-0.01mps
[2026-09-28T16:49:20Z] FALCON metrics | xtrack=0.94m head_err=96.7deg sideslip=2.6deg front_clear=20.00m geom_clear=14.00m tilt=0.0deg progress=0.01mps
[2026-09-28T16:49:21Z] FALCON metrics | xtrack=0.97m head_err=96.7deg sideslip=-2.5deg front_clear=20.00m geom_clear=14.00m tilt=0.0deg progress=-0.01mps
[2026-09-28T16:49:23Z] FALCON metrics | xtrack=0.96m head_err=96.7deg sideslip=0.3deg front_clear=20.00m geom_clear=14.00m tilt=0.0deg progress=0.00mps
[2026-09-28T16:49:25Z] FALCON metrics | xtrack=0.96m head_err=96.7deg sideslip=2.1deg front_clear=20.00m geom_clear=14.00m tilt=0.0deg progress=0.01mps
[2026-09-28T16:49:26Z] FALCON metrics | xtrack=0.94m head_err=96.7deg sideslip=2.4deg front_clear=20.00m geom_clear=14.00m tilt=0.0deg progress=0.01mps
[2026-09-28T16:49:28Z] FALCON metrics | xtrack=0.96m head_err=96.6deg sideslip=2.9deg front_clear=20.00m geom_clear=14.00m tilt=0.0deg progress=0.01mps
[2026-09-28T16:49:29Z] FALCON metrics | xtrack=0.96m head_err=96.7deg sideslip=2.0deg front_clear=20.00m geom_clear=14.00m tilt=0.0deg progress=0.01mps
[2026-09-28T16:49:31Z] FALCON metrics | xtrack=0.97m head_err=96.7deg sideslip=-3.6deg front_clear=20.00m geom_clear=14.00m tilt=0.0deg progress=-0.02mps
[2026-09-28T16:49:33Z] FALCON metrics | xtrack=0.99m head_err=96.7deg sideslip=0.4deg front_clear=20.00m geom_clear=14.00m tilt=0.0deg progress=0.01mps
[2026-09-28T16:49:34Z] FALCON metrics | xtrack=0.96m head_err=96.7deg sideslip=0.5deg front_clear=20.00m geom_clear=14.00m tilt=0.0deg progress=0.00mps
[2026-09-28T16:49:36Z] FALCON metrics | xtrack=0.96m head_err=96.7deg sideslip=-2.9deg front_clear=20.00m geom_clear=14.00m tilt=0.0deg progress=-0.01mps
[2026-09-28T16:49:37Z] FALCON metrics | xtrack=0.95m head_err=96.7deg sideslip=1.0deg front_clear=20.00m geom_clear=14.00m tilt=0.0deg progress=0.00mps
[2026-09-28T16:49:39Z] FALCON metrics | xtrack=0.96m head_err=96.7deg sideslip=1.2deg front_clear=20.00m geom_clear=14.00m tilt=0.0deg progress=0.00mps
[2026-09-28T16:49:41Z] FALCON metrics | xtrack=0.97m head_err=96.7deg sideslip=-4.0deg front_clear=20.00m geom_clear=14.00m tilt=0.0deg progress=-0.02mps
[2026-09-28T16:49:42Z] FALCON metrics | xtrack=0.95m head_err=96.6deg sideslip=-3.4deg front_clear=20.00m geom_clear=14.00m tilt=0.0deg progress=-0.02mps
[2026-09-28T16:49:44Z] FALCON metrics | xtrack=0.95m head_err=96.6deg sideslip=5.7deg front_clear=20.00m geom_clear=14.00m tilt=0.0deg progress=0.03mps
[2026-09-28T16:49:45Z] FALCON metrics | xtrack=0.96m head_err=96.7deg sideslip=0.7deg front_clear=20.00m geom_clear=14.00m tilt=0.0deg progress=0.00mps
[2026-09-28T16:49:47Z] FALCON metrics | xtrack=0.97m head_err=96.7deg sideslip=-1.2deg front_clear=20.00m geom_clear=14.00m tilt=0.0deg progress=-0.01mps
[2026-09-28T16:49:49Z] FALCON metrics | xtrack=0.97m head_err=96.7deg sideslip=-4.9deg front_clear=20.00m geom_clear=14.00m tilt=0.0deg progress=-0.03mps
[2026-09-28T16:49:50Z] FALCON metrics | xtrack=0.97m head_err=96.7deg sideslip=0.9deg front_clear=20.00m geom_clear=14.00m tilt=0.0deg progress=0.01mps
[2026-09-28T16:49:52Z] FALCON metrics | xtrack=0.97m head_err=96.7deg sideslip=-4.2deg front_clear=20.00m geom_clear=14.00m tilt=0.0deg progress=-0.02mps
[2026-09-28T16:49:53Z] FALCON metrics | xtrack=0.96m head_err=96.7deg sideslip=-0.7deg front_clear=20.00m geom_clear=14.00m tilt=0.0deg progress=-0.00mps
[2026-09-28T16:49:55Z] FALCON metrics | xtrack=0.95m head_err=96.7deg sideslip=-1.9deg front_clear=20.00m geom_clear=14.00m tilt=0.0deg progress=-0.01mps
[2026-09-28T16:49:57Z] FALCON metrics | xtrack=0.95m head_err=96.7deg sideslip=1.4deg front_clear=20.00m geom_clear=14.00m tilt=0.0deg progress=0.00mps
[2026-09-28T16:49:58Z] FALCON metrics | xtrack=0.94m head_err=96.7deg sideslip=1.3deg front_clear=20.00m geom_clear=14.00m tilt=0.0deg progress=0.01mps
[2026-09-28T16:50:00Z] FALCON metrics | xtrack=0.94m head_err=96.7deg sideslip=-1.0deg front_clear=20.00m geom_clear=14.00m tilt=0.0deg progress=-0.01mps
[2026-09-28T16:50:01Z] FALCON metrics | xtrack=0.99m head_err=96.7deg sideslip=-0.8deg front_clear=20.00m geom_clear=14.00m tilt=0.0deg progress=-0.00mps
[2026-09-28T16:50:03Z] FALCON metrics | xtrack=0.97m head_err=96.6deg sideslip=-0.8deg front_clear=20.00m geom_clear=14.00m tilt=0.0deg progress=-0.00mps
[2026-09-28T16:50:05Z] FALCON metrics | xtrack=0.95m head_err=96.7deg sideslip=1.3deg front_clear=20.00m geom_clear=14.00m tilt=0.0deg progress=0.01mps
[2026-09-28T16:50:06Z] FALCON metrics | xtrack=0.96m head_err=96.7deg sideslip=-1.0deg front_clear=20.00m geom_clear=14.00m tilt=0.0deg progress=-0.00mps
[2026-09-28T16:50:08Z] FALCON metrics | xtrack=0.95m head_err=96.7deg sideslip=-1.3deg front_clear=20.00m geom_clear=14.00m tilt=0.0deg progress=-0.01mps
[2026-09-28T16:50:10Z] FALCON metrics | xtrack=0.96m head_err=96.7deg sideslip=-4.0deg front_clear=20.00m geom_clear=14.00m tilt=0.0deg progress=-0.02mps
[2026-09-28T16:50:11Z] FALCON metrics | xtrack=0.98m head_err=96.7deg sideslip=1.9deg front_clear=20.00m geom_clear=14.00m tilt=0.0deg progress=0.01mps
[2026-09-28T16:50:13Z] FALCON metrics | xtrack=0.95m head_err=96.8deg sideslip=0.5deg front_clear=20.00m geom_clear=14.00m tilt=0.0deg progress=0.00mps
[2026-09-28T16:50:14Z] FALCON metrics | xtrack=0.95m head_err=96.7deg sideslip=-1.5deg front_clear=20.00m geom_clear=14.00m tilt=0.0deg progress=-0.01mps
[2026-09-28T16:50:16Z] FALCON metrics | xtrack=0.91m head_err=96.6deg sideslip=1.5deg front_clear=20.00m geom_clear=14.00m tilt=0.0deg progress=0.00mps
[2026-09-28T16:50:18Z] FALCON metrics | xtrack=0.98m head_err=96.7deg sideslip=-0.3deg front_clear=20.00m geom_clear=14.00m tilt=0.0deg progress=-0.00mps
[2026-09-28T16:50:19Z] FALCON metrics | xtrack=0.96m head_err=96.7deg sideslip=2.2deg front_clear=20.00m geom_clear=14.00m tilt=0.0deg progress=0.01mps
[2026-09-28T16:50:21Z] FALCON metrics | xtrack=0.96m head_err=96.7deg sideslip=-3.0deg front_clear=20.00m geom_clear=14.00m tilt=0.0deg progress=-0.02mps
[2026-09-28T16:50:22Z] FALCON metrics | xtrack=0.99m head_err=96.7deg sideslip=-2.3deg front_clear=20.00m geom_clear=14.00m tilt=0.0deg progress=-0.01mps
[2026-09-28T16:50:24Z] FALCON metrics | xtrack=0.95m head_err=96.7deg sideslip=-1.4deg front_clear=20.00m geom_clear=14.00m tilt=0.0deg progress=-0.01mps
[2026-09-28T16:50:26Z] FALCON metrics | xtrack=0.97m head_err=96.7deg sideslip=0.9deg front_clear=20.00m geom_clear=14.00m tilt=0.0deg progress=0.00mps
[2026-09-28T16:50:27Z] FALCON metrics | xtrack=0.94m head_err=96.7deg sideslip=-0.4deg front_clear=20.00m geom_clear=14.00m tilt=0.0deg progress=-0.00mps
[2026-09-28T16:50:29Z] FALCON metrics | xtrack=0.96m head_err=96.7deg sideslip=0.5deg front_clear=20.00m geom_clear=14.00m tilt=0.0deg progress=0.00mps
[2026-09-28T16:50:30Z] FALCON metrics | xtrack=0.97m head_err=96.7deg sideslip=-4.0deg front_clear=20.00m geom_clear=14.00m tilt=0.0deg progress=-0.02mps
[2026-09-28T16:50:32Z] FALCON metrics | xtrack=0.96m head_err=96.7deg sideslip=0.8deg front_clear=20.00m geom_clear=14.00m tilt=0.0deg progress=0.00mps
[2026-09-28T16:50:34Z] FALCON metrics | xtrack=0.95m head_err=96.6deg sideslip=0.4deg front_clear=20.00m geom_clear=14.00m tilt=0.0deg progress=0.00mps
[2026-09-28T16:50:35Z] FALCON metrics | xtrack=0.96m head_err=96.7deg sideslip=0.6deg front_clear=20.00m geom_clear=14.00m tilt=0.0deg progress=0.00mps
[2026-09-28T16:50:37Z] FALCON metrics | xtrack=0.95m head_err=96.7deg sideslip=1.3deg front_clear=20.00m geom_clear=14.00m tilt=0.0deg progress=0.01mps
[2026-09-28T16:50:38Z] FALCON metrics | xtrack=0.95m head_err=96.7deg sideslip=0.2deg front_clear=20.00m geom_clear=14.00m tilt=0.0deg progress=-0.00mps
[2026-09-28T16:50:40Z] FALCON metrics | xtrack=0.96m head_err=96.7deg sideslip=0.0deg front_clear=20.00m geom_clear=14.00m tilt=0.0deg progress=0.00mps
[2026-09-28T16:50:42Z] FALCON metrics | xtrack=0.99m head_err=96.7deg sideslip=-0.7deg front_clear=20.00m geom_clear=14.00m tilt=0.0deg progress=-0.00mps
[2026-09-28T16:50:43Z] FALCON metrics | xtrack=0.96m head_err=96.7deg sideslip=-1.1deg front_clear=20.00m geom_clear=14.00m tilt=0.0deg progress=-0.00mps
[2026-09-28T16:50:45Z] FALCON metrics | xtrack=0.97m head_err=96.7deg sideslip=-3.0deg front_clear=20.00m geom_clear=14.00m tilt=0.0deg progress=-0.02mps
[2026-09-28T16:50:46Z] FALCON metrics | xtrack=0.95m head_err=96.7deg sideslip=2.9deg front_clear=20.00m geom_clear=14.00m tilt=0.0deg progress=0.02mps
[2026-09-28T16:50:48Z] FALCON metrics | xtrack=0.95m head_err=96.7deg sideslip=-3.2deg front_clear=20.00m geom_clear=14.00m tilt=0.0deg progress=-0.02mps
[2026-09-28T16:50:50Z] FALCON metrics | xtrack=0.96m head_err=96.7deg sideslip=-1.1deg front_clear=20.00m geom_clear=14.00m tilt=0.0deg progress=-0.01mps
[2026-09-28T16:50:51Z] FALCON metrics | xtrack=0.97m head_err=96.7deg sideslip=-0.6deg front_clear=20.00m geom_clear=14.00m tilt=0.0deg progress=-0.00mps
[2026-09-28T16:50:53Z] FALCON metrics | xtrack=0.95m head_err=96.7deg sideslip=-0.5deg front_clear=20.00m geom_clear=14.00m tilt=0.0deg progress=-0.00mps
[2026-09-28T16:50:54Z] FALCON metrics | xtrack=0.93m head_err=96.7deg sideslip=-1.5deg front_clear=20.00m geom_clear=14.00m tilt=0.0deg progress=-0.01mps
[2026-09-28T16:50:56Z] FALCON metrics | xtrack=0.97m head_err=96.7deg sideslip=1.2deg front_clear=20.00m geom_clear=14.00m tilt=0.0deg progress=0.00mps
[2026-09-28T16:50:58Z] FALCON metrics | xtrack=0.96m head_err=96.7deg sideslip=-1.3deg front_clear=20.00m geom_clear=14.00m tilt=0.0deg progress=-0.01mps
[2026-09-28T16:50:59Z] FALCON metrics | xtrack=0.98m head_err=96.7deg sideslip=-1.2deg front_clear=20.00m geom_clear=14.00m tilt=0.0deg progress=-0.00mps
[2026-09-28T16:51:01Z] FALCON metrics | xtrack=0.97m head_err=96.7deg sideslip=0.2deg front_clear=20.00m geom_clear=14.00m tilt=0.0deg progress=0.00mps
[2026-09-28T16:51:02Z] FALCON metrics | xtrack=0.95m head_err=96.7deg sideslip=1.5deg front_clear=20.00m geom_clear=14.00m tilt=0.0deg progress=0.01mps
[2026-09-28T16:51:04Z] FALCON metrics | xtrack=0.98m head_err=96.7deg sideslip=-4.4deg front_clear=20.00m geom_clear=14.00m tilt=0.0deg progress=-0.02mps
[2026-09-28T16:51:06Z] FALCON metrics | xtrack=0.95m head_err=96.7deg sideslip=1.9deg front_clear=20.00m geom_clear=14.00m tilt=0.0deg progress=0.01mps
[2026-09-28T16:51:07Z] FALCON metrics | xtrack=0.94m head_err=96.7deg sideslip=0.3deg front_clear=20.00m geom_clear=14.00m tilt=0.0deg progress=0.00mps
[2026-09-28T16:51:09Z] FALCON metrics | xtrack=0.97m head_err=96.7deg sideslip=-0.5deg front_clear=20.00m geom_clear=14.00m tilt=0.0deg progress=-0.00mps
[2026-09-28T16:51:11Z] FALCON metrics | xtrack=0.97m head_err=96.7deg sideslip=-2.1deg front_clear=20.00m geom_clear=14.00m tilt=0.0deg progress=-0.01mps
[2026-09-28T16:51:12Z] FALCON metrics | xtrack=0.97m head_err=96.7deg sideslip=0.4deg front_clear=20.00m geom_clear=14.00m tilt=0.0deg progress=0.00mps
[2026-09-28T16:51:14Z] FALCON metrics | xtrack=0.95m head_err=96.7deg sideslip=-0.2deg front_clear=20.00m geom_clear=14.00m tilt=0.0deg progress=-0.00mps
[2026-09-28T16:51:15Z] FALCON metrics | xtrack=0.94m head_err=96.7deg sideslip=0.1deg front_clear=20.00m geom_clear=14.00m tilt=0.0deg progress=-0.00mps
[2026-09-28T16:51:17Z] FALCON metrics | xtrack=0.93m head_err=96.7deg sideslip=-0.4deg front_clear=20.00m geom_clear=14.00m tilt=0.0deg progress=-0.00mps
[2026-09-28T16:51:19Z] FALCON metrics | xtrack=0.97m head_err=96.7deg sideslip=1.3deg front_clear=20.00m geom_clear=14.00m tilt=0.0deg progress=0.00mps
[2026-09-28T16:51:20Z] FALCON metrics | xtrack=0.96m head_err=96.7deg sideslip=0.9deg front_clear=20.00m geom_clear=14.00m tilt=0.0deg progress=0.01mps
[2026-09-28T16:51:22Z] FALCON metrics | xtrack=0.99m head_err=96.7deg sideslip=-3.3deg front_clear=20.00m geom_clear=14.00m tilt=0.0deg progress=-0.02mps
[2026-09-28T16:51:23Z] FALCON metrics | xtrack=0.96m head_err=96.6deg sideslip=-1.6deg front_clear=20.00m geom_clear=14.00m tilt=0.0deg progress=-0.01mps
[2026-09-28T16:51:25Z] FALCON metrics | xtrack=0.94m head_err=96.7deg sideslip=-0.3deg front_clear=20.00m geom_clear=14.00m tilt=0.0deg progress=-0.00mps
[2026-09-28T16:51:27Z] FALCON metrics | xtrack=0.97m head_err=96.6deg sideslip=3.7deg front_clear=20.00m geom_clear=14.00m tilt=0.0deg progress=0.02mps
[2026-09-28T16:51:28Z] FALCON metrics | xtrack=0.94m head_err=96.7deg sideslip=-0.6deg front_clear=20.00m geom_clear=14.00m tilt=0.0deg progress=-0.00mps
[2026-09-28T16:51:30Z] FALCON metrics | xtrack=0.96m head_err=96.7deg sideslip=-7.4deg front_clear=20.00m geom_clear=14.00m tilt=0.0deg progress=-0.04mps
[2026-09-28T16:51:31Z] FALCON metrics | xtrack=0.95m head_err=96.7deg sideslip=1.1deg front_clear=20.00m geom_clear=14.00m tilt=0.0deg progress=0.01mps
[2026-09-28T16:51:33Z] FALCON metrics | xtrack=0.98m head_err=96.7deg sideslip=4.5deg front_clear=20.00m geom_clear=14.00m tilt=0.0deg progress=0.03mps
[2026-09-28T16:51:35Z] FALCON metrics | xtrack=0.97m head_err=96.7deg sideslip=-3.8deg front_clear=20.00m geom_clear=14.00m tilt=0.0deg progress=-0.02mps
[2026-09-28T16:51:36Z] FALCON metrics | xtrack=0.96m head_err=96.7deg sideslip=-2.9deg front_clear=20.00m geom_clear=14.00m tilt=0.0deg progress=-0.01mps
[2026-09-28T16:51:38Z] FALCON metrics | xtrack=0.96m head_err=96.7deg sideslip=0.6deg front_clear=20.00m geom_clear=14.00m tilt=0.0deg progress=0.00mps
[2026-09-28T16:51:39Z] FALCON metrics | xtrack=0.96m head_err=96.7deg sideslip=-0.4deg front_clear=20.00m geom_clear=14.00m tilt=0.0deg progress=-0.00mps
[2026-09-28T16:51:41Z] FALCON metrics | xtrack=0.95m head_err=96.7deg sideslip=-3.4deg front_clear=20.00m geom_clear=14.00m tilt=0.0deg progress=-0.02mps
[2026-09-28T16:51:43Z] FALCON metrics | xtrack=0.96m head_err=96.7deg sideslip=-0.1deg front_clear=20.00m geom_clear=14.00m tilt=0.0deg progress=-0.00mps
[2026-09-28T16:51:44Z] FALCON metrics | xtrack=0.97m head_err=96.7deg sideslip=-2.8deg front_clear=20.00m geom_clear=14.00m tilt=0.0deg progress=-0.01mps
[2026-09-28T16:51:46Z] FALCON metrics | xtrack=0.96m head_err=96.7deg sideslip=-1.1deg front_clear=20.00m geom_clear=14.00m tilt=0.0deg progress=-0.01mps
[2026-09-28T16:51:47Z] FALCON metrics | xtrack=0.96m head_err=96.7deg sideslip=-0.8deg front_clear=20.00m geom_clear=14.00m tilt=0.0deg progress=-0.00mps
[2026-09-28T16:51:49Z] FALCON metrics | xtrack=0.95m head_err=96.7deg sideslip=4.0deg front_clear=20.00m geom_clear=14.00m tilt=0.0deg progress=0.02mps
[2026-09-28T16:51:51Z] FALCON metrics | xtrack=0.96m head_err=96.7deg sideslip=-3.5deg front_clear=20.00m geom_clear=14.00m tilt=0.0deg progress=-0.02mps
[2026-09-28T16:51:52Z] FALCON metrics | xtrack=0.95m head_err=96.7deg sideslip=0.8deg front_clear=20.00m geom_clear=14.00m tilt=0.0deg progress=0.00mps
[2026-09-28T16:51:54Z] FALCON metrics | xtrack=0.95m head_err=96.7deg sideslip=-1.0deg front_clear=20.00m geom_clear=14.00m tilt=0.0deg progress=-0.01mps
[2026-09-28T16:51:55Z] FALCON metrics | xtrack=0.97m head_err=96.7deg sideslip=-1.4deg front_clear=20.00m geom_clear=14.00m tilt=0.0deg progress=-0.01mps
[2026-09-28T16:51:57Z] FALCON metrics | xtrack=0.96m head_err=96.7deg sideslip=-3.0deg front_clear=20.00m geom_clear=14.00m tilt=0.0deg progress=-0.02mps
[2026-09-28T16:51:59Z] FALCON metrics | xtrack=0.96m head_err=96.7deg sideslip=1.8deg front_clear=20.00m geom_clear=14.00m tilt=0.0deg progress=0.01mps
[2026-09-28T16:52:00Z] FALCON metrics | xtrack=0.95m head_err=96.7deg sideslip=2.2deg front_clear=20.00m geom_clear=14.00m tilt=0.0deg progress=0.01mps
[2026-09-28T16:52:02Z] FALCON metrics | xtrack=0.94m head_err=96.7deg sideslip=0.9deg front_clear=20.00m geom_clear=14.00m tilt=0.0deg progress=0.00mps
[2026-09-28T16:52:03Z] FALCON metrics | xtrack=0.97m head_err=96.7deg sideslip=1.3deg front_clear=20.00m geom_clear=14.00m tilt=0.0deg progress=0.01mps
[2026-09-28T16:52:05Z] FALCON metrics | xtrack=0.95m head_err=96.7deg sideslip=0.7deg front_clear=20.00m geom_clear=14.00m tilt=0.0deg progress=0.00mps
[2026-09-28T16:52:07Z] FALCON metrics | xtrack=0.97m head_err=96.7deg sideslip=1.0deg front_clear=20.00m geom_clear=14.00m tilt=0.0deg progress=0.01mps
[2026-09-28T16:52:08Z] FALCON metrics | xtrack=0.99m head_err=96.7deg sideslip=-1.6deg front_clear=20.00m geom_clear=14.00m tilt=0.0deg progress=-0.01mps
[2026-09-28T16:52:10Z] FALCON metrics | xtrack=0.98m head_err=96.7deg sideslip=0.4deg front_clear=20.00m geom_clear=14.00m tilt=0.0deg progress=0.00mps
[2026-09-28T16:52:12Z] FALCON metrics | xtrack=0.94m head_err=96.7deg sideslip=0.7deg front_clear=20.00m geom_clear=14.00m tilt=0.0deg progress=0.00mps
[2026-09-28T16:52:13Z] FALCON metrics | xtrack=0.94m head_err=96.7deg sideslip=-2.2deg front_clear=20.00m geom_clear=14.00m tilt=0.0deg progress=-0.01mps
[2026-09-28T16:52:15Z] FALCON metrics | xtrack=0.96m head_err=96.7deg sideslip=0.6deg front_clear=20.00m geom_clear=14.00m tilt=0.0deg progress=0.00mps
[2026-09-28T16:52:16Z] FALCON metrics | xtrack=0.93m head_err=96.7deg sideslip=1.7deg front_clear=20.00m geom_clear=14.00m tilt=0.0deg progress=0.01mps
[2026-09-28T16:52:18Z] FALCON metrics | xtrack=0.95m head_err=96.7deg sideslip=-3.2deg front_clear=20.00m geom_clear=14.00m tilt=0.0deg progress=-0.02mps
[2026-09-28T16:52:20Z] FALCON metrics | xtrack=0.96m head_err=96.7deg sideslip=-0.8deg front_clear=20.00m geom_clear=14.00m tilt=0.0deg progress=-0.00mps
[2026-09-28T16:52:21Z] FALCON metrics | xtrack=0.95m head_err=96.7deg sideslip=-2.6deg front_clear=20.00m geom_clear=14.00m tilt=0.0deg progress=-0.01mps
[2026-09-28T16:52:23Z] FALCON metrics | xtrack=0.96m head_err=96.7deg sideslip=2.0deg front_clear=20.00m geom_clear=14.00m tilt=0.0deg progress=0.01mps
[2026-09-28T16:52:24Z] FALCON metrics | xtrack=0.95m head_err=96.7deg sideslip=0.6deg front_clear=20.00m geom_clear=14.00m tilt=0.0deg progress=-0.00mps
[2026-09-28T16:52:26Z] FALCON metrics | xtrack=0.94m head_err=96.7deg sideslip=-5.0deg front_clear=20.00m geom_clear=14.00m tilt=0.0deg progress=-0.03mps
[2026-09-28T16:52:28Z] FALCON metrics | xtrack=0.96m head_err=96.7deg sideslip=-3.6deg front_clear=20.00m geom_clear=14.00m tilt=0.0deg progress=-0.02mps
[2026-09-28T16:52:29Z] FALCON metrics | xtrack=0.96m head_err=96.7deg sideslip=4.0deg front_clear=20.00m geom_clear=14.00m tilt=0.0deg progress=0.02mps
[2026-09-28T16:52:31Z] FALCON metrics | xtrack=0.96m head_err=96.7deg sideslip=-3.7deg front_clear=20.00m geom_clear=14.00m tilt=0.0deg progress=-0.02mps
[2026-09-28T16:52:32Z] FALCON metrics | xtrack=0.95m head_err=96.7deg sideslip=-3.2deg front_clear=20.00m geom_clear=14.00m tilt=0.0deg progress=-0.02mps
[2026-09-28T16:52:34Z] FALCON metrics | xtrack=0.95m head_err=96.7deg sideslip=-2.7deg front_clear=20.00m geom_clear=14.00m tilt=0.0deg progress=-0.01mps
[2026-09-28T16:52:36Z] FALCON metrics | xtrack=0.95m head_err=96.6deg sideslip=4.4deg front_clear=20.00m geom_clear=14.00m tilt=0.0deg progress=0.02mps
[2026-09-28T16:52:37Z] FALCON metrics | xtrack=0.97m head_err=96.7deg sideslip=4.0deg front_clear=20.00m geom_clear=14.00m tilt=0.0deg progress=0.02mps
[2026-09-28T16:52:39Z] FALCON metrics | xtrack=0.93m head_err=96.7deg sideslip=1.3deg front_clear=20.00m geom_clear=14.00m tilt=0.0deg progress=0.01mps
[2026-09-28T16:52:40Z] FALCON metrics | xtrack=0.97m head_err=96.7deg sideslip=-2.2deg front_clear=20.00m geom_clear=14.00m tilt=0.0deg progress=-0.01mps
[2026-09-28T16:52:42Z] FALCON metrics | xtrack=0.97m head_err=96.7deg sideslip=-6.4deg front_clear=20.00m geom_clear=14.00m tilt=0.0deg progress=-0.03mps
[2026-09-28T16:52:44Z] FALCON metrics | xtrack=0.97m head_err=96.7deg sideslip=1.1deg front_clear=20.00m geom_clear=14.00m tilt=0.0deg progress=0.01mps
[2026-09-28T16:52:45Z] FALCON metrics | xtrack=0.95m head_err=96.7deg sideslip=-0.2deg front_clear=20.00m geom_clear=14.00m tilt=0.0deg progress=-0.00mps
[2026-09-28T16:52:47Z] FALCON metrics | xtrack=0.95m head_err=96.7deg sideslip=-1.3deg front_clear=20.00m geom_clear=14.00m tilt=0.0deg progress=-0.01mps
[2026-09-28T16:52:48Z] FALCON metrics | xtrack=0.98m head_err=96.6deg sideslip=0.0deg front_clear=20.00m geom_clear=14.00m tilt=0.0deg progress=0.01mps
[2026-09-28T16:52:50Z] FALCON metrics | xtrack=0.95m head_err=96.7deg sideslip=6.9deg front_clear=20.00m geom_clear=14.00m tilt=0.0deg progress=0.03mps
[2026-09-28T16:52:52Z] FALCON metrics | xtrack=0.96m head_err=96.7deg sideslip=-3.5deg front_clear=20.00m geom_clear=14.00m tilt=0.0deg progress=-0.02mps
[2026-09-28T16:52:53Z] FALCON metrics | xtrack=0.98m head_err=96.7deg sideslip=-1.1deg front_clear=20.00m geom_clear=14.00m tilt=0.0deg progress=-0.00mps
[2026-09-28T16:52:55Z] FALCON metrics | xtrack=0.94m head_err=96.7deg sideslip=-1.2deg front_clear=20.00m geom_clear=14.00m tilt=0.0deg progress=-0.00mps
[2026-09-28T16:52:56Z] FALCON metrics | xtrack=0.96m head_err=96.6deg sideslip=-1.0deg front_clear=20.00m geom_clear=14.00m tilt=0.0deg progress=-0.01mps
[2026-09-28T16:52:58Z] FALCON metrics | xtrack=0.99m head_err=96.7deg sideslip=1.7deg front_clear=20.00m geom_clear=14.00m tilt=0.0deg progress=0.01mps
[2026-09-28T16:53:00Z] FALCON metrics | xtrack=0.97m head_err=96.7deg sideslip=-0.6deg front_clear=20.00m geom_clear=14.00m tilt=0.0deg progress=-0.00mps
[2026-09-28T16:53:01Z] FALCON metrics | xtrack=0.93m head_err=96.7deg sideslip=-1.0deg front_clear=20.00m geom_clear=14.00m tilt=0.0deg progress=-0.01mps
[2026-09-28T16:53:03Z] FALCON metrics | xtrack=0.96m head_err=96.6deg sideslip=2.1deg front_clear=20.00m geom_clear=14.00m tilt=0.0deg progress=0.01mps
[2026-09-28T16:53:04Z] FALCON metrics | xtrack=0.95m head_err=96.7deg sideslip=1.0deg front_clear=20.00m geom_clear=14.00m tilt=0.0deg progress=0.00mps
[2026-09-28T16:53:06Z] FALCON metrics | xtrack=0.97m head_err=96.7deg sideslip=3.3deg front_clear=20.00m geom_clear=14.00m tilt=0.0deg progress=0.02mps
[2026-09-28T16:53:08Z] FALCON metrics | xtrack=0.93m head_err=96.7deg sideslip=-3.7deg front_clear=20.00m geom_clear=14.00m tilt=0.0deg progress=-0.02mps
[2026-09-28T16:53:09Z] FALCON metrics | xtrack=0.98m head_err=96.7deg sideslip=-0.3deg front_clear=20.00m geom_clear=14.00m tilt=0.0deg progress=-0.00mps
[2026-09-28T16:53:11Z] FALCON metrics | xtrack=0.96m head_err=96.7deg sideslip=-1.7deg front_clear=20.00m geom_clear=14.00m tilt=0.0deg progress=-0.01mps
[2026-09-28T16:53:13Z] FALCON metrics | xtrack=0.96m head_err=96.7deg sideslip=-2.1deg front_clear=20.00m geom_clear=14.00m tilt=0.0deg progress=-0.01mps
[2026-09-28T16:53:14Z] FALCON metrics | xtrack=0.96m head_err=96.7deg sideslip=-4.2deg front_clear=20.00m geom_clear=14.00m tilt=0.0deg progress=-0.02mps
[2026-09-28T16:53:16Z] FALCON metrics | xtrack=0.95m head_err=96.7deg sideslip=0.9deg front_clear=20.00m geom_clear=14.00m tilt=0.0deg progress=0.01mps
[2026-09-28T16:53:17Z] FALCON metrics | xtrack=0.96m head_err=96.7deg sideslip=0.5deg front_clear=20.00m geom_clear=14.00m tilt=0.0deg progress=0.00mps
[2026-09-28T16:53:19Z] FALCON metrics | xtrack=0.98m head_err=96.7deg sideslip=-0.2deg front_clear=20.00m geom_clear=14.00m tilt=0.0deg progress=0.00mps
[2026-09-28T16:53:21Z] FALCON metrics | xtrack=0.95m head_err=96.7deg sideslip=-0.3deg front_clear=20.00m geom_clear=14.00m tilt=0.0deg progress=0.00mps
[2026-09-28T16:53:22Z] FALCON metrics | xtrack=0.95m head_err=96.7deg sideslip=2.1deg front_clear=20.00m geom_clear=14.00m tilt=0.0deg progress=0.01mps
[2026-09-28T16:53:24Z] FALCON metrics | xtrack=0.97m head_err=96.7deg sideslip=0.5deg front_clear=20.00m geom_clear=14.00m tilt=0.0deg progress=0.00mps
[2026-09-28T16:53:25Z] FALCON metrics | xtrack=0.93m head_err=96.7deg sideslip=0.0deg front_clear=20.00m geom_clear=14.00m tilt=0.0deg progress=-0.00mps
[2026-09-28T16:53:27Z] FALCON metrics | xtrack=0.95m head_err=96.7deg sideslip=-1.0deg front_clear=20.00m geom_clear=14.00m tilt=0.0deg progress=-0.01mps
[2026-09-28T16:53:29Z] FALCON metrics | xtrack=0.97m head_err=96.7deg sideslip=-2.1deg front_clear=20.00m geom_clear=14.00m tilt=0.0deg progress=-0.01mps
[2026-09-28T16:53:30Z] FALCON metrics | xtrack=0.96m head_err=96.7deg sideslip=2.2deg front_clear=20.00m geom_clear=14.00m tilt=0.0deg progress=0.01mps
[2026-09-28T16:53:32Z] FALCON metrics | xtrack=0.98m head_err=96.7deg sideslip=-0.1deg front_clear=20.00m geom_clear=14.00m tilt=0.0deg progress=-0.00mps
[2026-09-28T16:53:33Z] FALCON metrics | xtrack=0.96m head_err=96.7deg sideslip=-5.8deg front_clear=20.00m geom_clear=14.00m tilt=0.0deg progress=-0.03mps
[2026-09-28T16:53:35Z] FALCON metrics | xtrack=0.98m head_err=96.7deg sideslip=3.1deg front_clear=20.00m geom_clear=14.00m tilt=0.0deg progress=0.02mps
[2026-09-28T16:53:37Z] FALCON metrics | xtrack=0.94m head_err=96.7deg sideslip=4.1deg front_clear=20.00m geom_clear=14.00m tilt=0.0deg progress=0.02mps
[2026-09-28T16:53:38Z] FALCON metrics | xtrack=0.96m head_err=96.7deg sideslip=-1.4deg front_clear=20.00m geom_clear=14.00m tilt=0.0deg progress=-0.01mps
[2026-09-28T16:53:40Z] FALCON metrics | xtrack=0.97m head_err=96.7deg sideslip=-7.0deg front_clear=20.00m geom_clear=14.00m tilt=0.0deg progress=-0.04mps
[2026-09-28T16:53:41Z] FALCON metrics | xtrack=0.96m head_err=96.7deg sideslip=0.3deg front_clear=20.00m geom_clear=14.00m tilt=0.0deg progress=0.00mps
[2026-09-28T16:53:43Z] FALCON metrics | xtrack=0.94m head_err=96.7deg sideslip=-1.1deg front_clear=20.00m geom_clear=14.00m tilt=0.0deg progress=-0.01mps
[2026-09-28T16:53:45Z] FALCON metrics | xtrack=0.95m head_err=96.7deg sideslip=1.4deg front_clear=20.00m geom_clear=14.00m tilt=0.0deg progress=0.01mps
[2026-09-28T16:53:46Z] FALCON metrics | xtrack=0.97m head_err=96.7deg sideslip=-2.6deg front_clear=20.00m geom_clear=14.00m tilt=0.0deg progress=-0.02mps
[2026-09-28T16:53:48Z] FALCON metrics | xtrack=0.95m head_err=96.6deg sideslip=-0.5deg front_clear=20.00m geom_clear=14.00m tilt=0.0deg progress=0.00mps
[2026-09-28T16:53:49Z] FALCON metrics | xtrack=0.96m head_err=96.7deg sideslip=2.0deg front_clear=20.00m geom_clear=14.00m tilt=0.0deg progress=0.01mps
[2026-09-28T16:53:51Z] FALCON metrics | xtrack=0.99m head_err=96.7deg sideslip=-2.5deg front_clear=20.00m geom_clear=14.00m tilt=0.0deg progress=-0.01mps
[2026-09-28T16:53:53Z] FALCON metrics | xtrack=0.96m head_err=96.7deg sideslip=0.9deg front_clear=20.00m geom_clear=14.00m tilt=0.0deg progress=0.01mps
[2026-09-28T16:53:54Z] FALCON metrics | xtrack=0.96m head_err=96.7deg sideslip=3.2deg front_clear=20.00m geom_clear=14.00m tilt=0.0deg progress=0.02mps
[2026-09-28T16:53:56Z] FALCON metrics | xtrack=0.96m head_err=96.7deg sideslip=-5.6deg front_clear=20.00m geom_clear=14.00m tilt=0.0deg progress=-0.03mps
[2026-09-28T16:53:57Z] FALCON metrics | xtrack=0.97m head_err=96.7deg sideslip=3.0deg front_clear=20.00m geom_clear=14.00m tilt=0.0deg progress=0.02mps
[2026-09-28T16:53:59Z] FALCON metrics | xtrack=0.95m head_err=96.7deg sideslip=-3.7deg front_clear=20.00m geom_clear=14.00m tilt=0.0deg progress=-0.02mps
[2026-09-28T16:54:01Z] FALCON metrics | xtrack=0.96m head_err=96.7deg sideslip=1.0deg front_clear=20.00m geom_clear=14.00m tilt=0.0deg progress=0.01mps
[2026-09-28T16:54:02Z] FALCON metrics | xtrack=0.95m head_err=96.6deg sideslip=1.2deg front_clear=20.00m geom_clear=14.00m tilt=0.0deg progress=0.01mps
[2026-09-28T16:54:04Z] FALCON metrics | xtrack=0.93m head_err=96.7deg sideslip=-0.1deg front_clear=20.00m geom_clear=14.00m tilt=0.0deg progress=-0.01mps
[2026-09-28T16:54:05Z] FALCON metrics | xtrack=0.97m head_err=96.7deg sideslip=-1.2deg front_clear=20.00m geom_clear=14.00m tilt=0.0deg progress=-0.01mps
[2026-09-28T16:54:07Z] FALCON metrics | xtrack=0.94m head_err=96.7deg sideslip=-1.9deg front_clear=20.00m geom_clear=14.00m tilt=0.0deg progress=-0.01mps
[2026-09-28T16:54:09Z] FALCON metrics | xtrack=0.96m head_err=96.7deg sideslip=-4.4deg front_clear=20.00m geom_clear=14.00m tilt=0.0deg progress=-0.02mps
[2026-09-28T16:54:10Z] FALCON metrics | xtrack=0.96m head_err=96.7deg sideslip=2.2deg front_clear=20.00m geom_clear=14.00m tilt=0.0deg progress=0.01mps
[2026-09-28T16:54:12Z] FALCON metrics | xtrack=0.96m head_err=96.7deg sideslip=4.4deg front_clear=20.00m geom_clear=14.00m tilt=0.0deg progress=0.02mps
[2026-09-28T16:54:14Z] FALCON metrics | xtrack=0.97m head_err=96.7deg sideslip=1.8deg front_clear=20.00m geom_clear=14.00m tilt=0.0deg progress=0.01mps
[2026-09-28T16:54:15Z] FALCON metrics | xtrack=0.97m head_err=96.7deg sideslip=2.2deg front_clear=20.00m geom_clear=14.00m tilt=0.0deg progress=0.01mps
[2026-09-28T16:54:17Z] FALCON metrics | xtrack=0.96m head_err=96.7deg sideslip=-0.7deg front_clear=20.00m geom_clear=14.00m tilt=0.0deg progress=-0.01mps
[2026-09-28T16:54:18Z] FALCON metrics | xtrack=0.96m head_err=96.7deg sideslip=1.1deg front_clear=20.00m geom_clear=14.00m tilt=0.0deg progress=0.01mps
[2026-09-28T16:54:20Z] FALCON metrics | xtrack=0.94m head_err=96.7deg sideslip=-1.2deg front_clear=20.00m geom_clear=14.00m tilt=0.0deg progress=-0.01mps
[2026-09-28T16:54:22Z] FALCON metrics | xtrack=0.97m head_err=96.7deg sideslip=0.1deg front_clear=20.00m geom_clear=14.00m tilt=0.0deg progress=-0.00mps
[2026-09-28T16:54:23Z] FALCON metrics | xtrack=0.96m head_err=96.7deg sideslip=-0.3deg front_clear=20.00m geom_clear=14.00m tilt=0.0deg progress=-0.00mps
[2026-09-28T16:54:25Z] FALCON metrics | xtrack=0.94m head_err=96.6deg sideslip=-0.2deg front_clear=20.00m geom_clear=14.00m tilt=0.0deg progress=-0.00mps
[2026-09-28T16:54:26Z] FALCON metrics | xtrack=0.98m head_err=96.7deg sideslip=-2.6deg front_clear=20.00m geom_clear=14.00m tilt=0.0deg progress=-0.02mps
[2026-09-28T16:54:28Z] FALCON metrics | xtrack=0.96m head_err=96.7deg sideslip=-2.8deg front_clear=20.00m geom_clear=14.00m tilt=0.0deg progress=-0.01mps
[2026-09-28T16:54:30Z] FALCON metrics | xtrack=0.96m head_err=96.7deg sideslip=3.7deg front_clear=20.00m geom_clear=14.00m tilt=0.0deg progress=0.02mps
[2026-09-28T16:54:31Z] FALCON metrics | xtrack=0.95m head_err=96.7deg sideslip=-0.4deg front_clear=20.00m geom_clear=14.00m tilt=0.0deg progress=-0.00mps
[2026-09-28T16:54:33Z] FALCON metrics | xtrack=0.96m head_err=96.7deg sideslip=0.2deg front_clear=20.00m geom_clear=14.00m tilt=0.0deg progress=0.00mps
[2026-09-28T16:54:34Z] FALCON metrics | xtrack=0.97m head_err=96.7deg sideslip=3.7deg front_clear=20.00m geom_clear=14.00m tilt=0.0deg progress=0.02mps
[2026-09-28T16:54:36Z] FALCON metrics | xtrack=0.93m head_err=96.7deg sideslip=0.0deg front_clear=20.00m geom_clear=14.00m tilt=0.0deg progress=-0.00mps
[2026-09-28T16:54:38Z] FALCON metrics | xtrack=0.96m head_err=96.7deg sideslip=0.4deg front_clear=20.00m geom_clear=14.00m tilt=0.0deg progress=-0.00mps
[2026-09-28T16:54:39Z] FALCON metrics | xtrack=0.96m head_err=96.7deg sideslip=-0.1deg front_clear=20.00m geom_clear=14.00m tilt=0.0deg progress=0.00mps
[2026-09-28T16:54:41Z] FALCON metrics | xtrack=0.95m head_err=96.7deg sideslip=-1.4deg front_clear=20.00m geom_clear=14.00m tilt=0.0deg progress=-0.01mps
[2026-09-28T16:54:42Z] FALCON metrics | xtrack=0.94m head_err=96.6deg sideslip=4.3deg front_clear=20.00m geom_clear=14.00m tilt=0.0deg progress=0.02mps
[2026-09-28T16:54:44Z] FALCON metrics | xtrack=0.94m head_err=96.7deg sideslip=2.9deg front_clear=20.00m geom_clear=14.00m tilt=0.0deg progress=0.01mps
[2026-09-28T16:54:46Z] FALCON metrics | xtrack=0.98m head_err=96.7deg sideslip=-4.8deg front_clear=20.00m geom_clear=14.00m tilt=0.0deg progress=-0.02mps
[2026-09-28T16:54:47Z] FALCON metrics | xtrack=0.96m head_err=96.6deg sideslip=-1.7deg front_clear=20.00m geom_clear=14.00m tilt=0.0deg progress=-0.01mps
[2026-09-28T16:54:49Z] FALCON metrics | xtrack=0.96m head_err=96.6deg sideslip=1.1deg front_clear=20.00m geom_clear=14.00m tilt=0.0deg progress=0.01mps
[2026-09-28T16:54:50Z] FALCON metrics | xtrack=0.95m head_err=96.7deg sideslip=0.5deg front_clear=20.00m geom_clear=14.00m tilt=0.0deg progress=0.00mps
[2026-09-28T16:54:52Z] FALCON metrics | xtrack=0.95m head_err=96.7deg sideslip=-1.0deg front_clear=20.00m geom_clear=14.00m tilt=0.0deg progress=-0.01mps
[2026-09-28T16:54:54Z] FALCON metrics | xtrack=0.96m head_err=96.7deg sideslip=0.9deg front_clear=20.00m geom_clear=14.00m tilt=0.0deg progress=0.01mps
[2026-09-28T16:54:55Z] FALCON metrics | xtrack=0.95m head_err=96.7deg sideslip=-3.3deg front_clear=20.00m geom_clear=14.00m tilt=0.0deg progress=-0.02mps
[2026-09-28T16:54:57Z] FALCON metrics | xtrack=0.93m head_err=96.7deg sideslip=1.3deg front_clear=20.00m geom_clear=14.00m tilt=0.0deg progress=0.00mps
[2026-09-28T16:54:58Z] FALCON metrics | xtrack=0.98m head_err=96.7deg sideslip=-2.1deg front_clear=20.00m geom_clear=14.00m tilt=0.0deg progress=-0.01mps
[2026-09-28T16:55:00Z] FALCON metrics | xtrack=0.96m head_err=96.7deg sideslip=-0.4deg front_clear=20.00m geom_clear=14.00m tilt=0.0deg progress=-0.00mps
[2026-09-28T16:55:02Z] FALCON metrics | xtrack=0.95m head_err=96.7deg sideslip=3.1deg front_clear=20.00m geom_clear=14.00m tilt=0.0deg progress=0.02mps
[2026-09-28T16:55:03Z] FALCON metrics | xtrack=0.96m head_err=96.7deg sideslip=-1.8deg front_clear=20.00m geom_clear=14.00m tilt=0.0deg progress=-0.01mps
[2026-09-28T16:55:05Z] FALCON metrics | xtrack=0.96m head_err=96.7deg sideslip=1.4deg front_clear=20.00m geom_clear=14.00m tilt=0.0deg progress=0.01mps
[2026-09-28T16:55:07Z] FALCON metrics | xtrack=0.96m head_err=96.7deg sideslip=-2.0deg front_clear=20.00m geom_clear=14.00m tilt=0.0deg progress=-0.01mps
[2026-09-28T16:55:08Z] FALCON metrics | xtrack=0.98m head_err=96.7deg sideslip=-4.4deg front_clear=20.00m geom_clear=14.00m tilt=0.0deg progress=-0.02mps
[2026-09-28T16:55:10Z] FALCON metrics | xtrack=0.96m head_err=96.6deg sideslip=3.5deg front_clear=20.00m geom_clear=14.00m tilt=0.0deg progress=0.02mps
[2026-09-28T16:55:11Z] FALCON metrics | xtrack=0.95m head_err=96.7deg sideslip=-2.1deg front_clear=20.00m geom_clear=14.00m tilt=0.0deg progress=-0.01mps
[2026-09-28T16:55:13Z] FALCON metrics | xtrack=0.96m head_err=96.7deg sideslip=-2.1deg front_clear=20.00m geom_clear=14.00m tilt=0.0deg progress=-0.01mps
[2026-09-28T16:55:15Z] FALCON metrics | xtrack=0.97m head_err=96.7deg sideslip=1.7deg front_clear=20.00m geom_clear=14.00m tilt=0.0deg progress=0.01mps
[2026-09-28T16:55:16Z] FALCON metrics | xtrack=0.96m head_err=96.6deg sideslip=-4.8deg front_clear=20.00m geom_clear=14.00m tilt=0.0deg progress=-0.02mps
[2026-09-28T16:55:18Z] FALCON metrics | xtrack=0.96m head_err=96.7deg sideslip=2.2deg front_clear=20.00m geom_clear=14.00m tilt=0.0deg progress=0.01mps
[2026-09-28T16:55:19Z] FALCON metrics | xtrack=0.97m head_err=96.7deg sideslip=1.8deg front_clear=20.00m geom_clear=14.00m tilt=0.0deg progress=0.01mps
[2026-09-28T16:55:21Z] FALCON metrics | xtrack=0.93m head_err=96.7deg sideslip=-1.7deg front_clear=20.00m geom_clear=14.00m tilt=0.0deg progress=-0.01mps
[2026-09-28T16:55:23Z] FALCON metrics | xtrack=0.96m head_err=96.7deg sideslip=3.0deg front_clear=20.00m geom_clear=14.00m tilt=0.0deg progress=0.01mps
[2026-09-28T16:55:24Z] FALCON metrics | xtrack=0.97m head_err=96.7deg sideslip=0.1deg front_clear=20.00m geom_clear=14.00m tilt=0.0deg progress=-0.00mps
[2026-09-28T16:55:26Z] FALCON metrics | xtrack=0.97m head_err=96.7deg sideslip=-2.7deg front_clear=20.00m geom_clear=14.00m tilt=0.0deg progress=-0.01mps
[2026-09-28T16:55:27Z] FALCON metrics | xtrack=0.97m head_err=96.7deg sideslip=-1.0deg front_clear=20.00m geom_clear=14.00m tilt=0.0deg progress=-0.00mps
[2026-09-28T16:55:29Z] FALCON metrics | xtrack=0.96m head_err=96.7deg sideslip=2.3deg front_clear=20.00m geom_clear=14.00m tilt=0.0deg progress=0.01mps
[2026-09-28T16:55:31Z] FALCON metrics | xtrack=0.96m head_err=96.7deg sideslip=-1.3deg front_clear=20.00m geom_clear=14.00m tilt=0.0deg progress=-0.01mps
[2026-09-28T16:55:32Z] FALCON metrics | xtrack=0.98m head_err=96.7deg sideslip=2.2deg front_clear=20.00m geom_clear=14.00m tilt=0.0deg progress=0.01mps
[2026-09-28T16:55:34Z] FALCON metrics | xtrack=0.93m head_err=96.7deg sideslip=1.5deg front_clear=20.00m geom_clear=14.00m tilt=0.0deg progress=0.01mps
[2026-09-28T16:55:35Z] FALCON metrics | xtrack=0.95m head_err=96.7deg sideslip=1.3deg front_clear=20.00m geom_clear=14.00m tilt=0.0deg progress=0.01mps
[2026-09-28T16:55:37Z] FALCON metrics | xtrack=0.98m head_err=96.7deg sideslip=0.1deg front_clear=20.00m geom_clear=14.00m tilt=0.0deg progress=-0.00mps
[2026-09-28T16:55:39Z] FALCON metrics | xtrack=0.96m head_err=96.7deg sideslip=2.6deg front_clear=20.00m geom_clear=14.00m tilt=0.0deg progress=0.01mps
[2026-09-28T16:55:40Z] FALCON metrics | xtrack=0.93m head_err=96.7deg sideslip=0.6deg front_clear=20.00m geom_clear=14.00m tilt=0.0deg progress=0.00mps
[2026-09-28T16:55:42Z] FALCON metrics | xtrack=0.95m head_err=96.7deg sideslip=-3.2deg front_clear=20.00m geom_clear=14.00m tilt=0.0deg progress=-0.02mps
[2026-09-28T16:55:43Z] FALCON metrics | xtrack=0.96m head_err=96.6deg sideslip=1.5deg front_clear=20.00m geom_clear=14.00m tilt=0.0deg progress=0.01mps
[2026-09-28T16:55:45Z] FALCON metrics | xtrack=0.96m head_err=96.7deg sideslip=0.6deg front_clear=20.00m geom_clear=14.00m tilt=0.0deg progress=0.00mps
[2026-09-28T16:55:47Z] FALCON metrics | xtrack=0.95m head_err=96.7deg sideslip=0.1deg front_clear=20.00m geom_clear=14.00m tilt=0.0deg progress=-0.00mps
[2026-09-28T16:55:48Z] FALCON metrics | xtrack=0.96m head_err=96.7deg sideslip=-2.6deg front_clear=20.00m geom_clear=14.00m tilt=0.0deg progress=-0.01mps
[2026-09-28T16:55:50Z] FALCON metrics | xtrack=0.98m head_err=96.7deg sideslip=1.9deg front_clear=20.00m geom_clear=14.00m tilt=0.0deg progress=0.01mps
[2026-09-28T16:55:51Z] FALCON metrics | xtrack=0.95m head_err=96.7deg sideslip=1.1deg front_clear=20.00m geom_clear=14.00m tilt=0.0deg progress=0.01mps
[2026-09-28T16:55:53Z] FALCON metrics | xtrack=0.94m head_err=96.7deg sideslip=2.2deg front_clear=20.00m geom_clear=14.00m tilt=0.0deg progress=0.01mps
[2026-09-28T16:55:55Z] FALCON metrics | xtrack=0.98m head_err=96.7deg sideslip=-2.4deg front_clear=20.00m geom_clear=14.00m tilt=0.0deg progress=-0.01mps
[2026-09-28T16:55:56Z] FALCON metrics | xtrack=0.96m head_err=96.7deg sideslip=-0.7deg front_clear=20.00m geom_clear=14.00m tilt=0.0deg progress=-0.00mps
[2026-09-28T16:55:58Z] FALCON metrics | xtrack=0.95m head_err=96.7deg sideslip=-0.1deg front_clear=20.00m geom_clear=14.00m tilt=0.0deg progress=-0.00mps
[2026-09-28T16:55:59Z] FALCON metrics | xtrack=0.96m head_err=96.7deg sideslip=-1.7deg front_clear=20.00m geom_clear=14.00m tilt=0.0deg progress=-0.01mps
[2026-09-28T16:56:01Z] FALCON metrics | xtrack=0.97m head_err=96.7deg sideslip=-4.1deg front_clear=20.00m geom_clear=14.00m tilt=0.0deg progress=-0.02mps
[2026-09-28T16:56:03Z] FALCON metrics | xtrack=0.96m head_err=96.7deg sideslip=2.9deg front_clear=20.00m geom_clear=14.00m tilt=0.0deg progress=0.02mps
[2026-09-28T16:56:04Z] FALCON metrics | xtrack=0.95m head_err=96.7deg sideslip=-1.3deg front_clear=20.00m geom_clear=14.00m tilt=0.0deg progress=-0.01mps
[2026-09-28T16:56:06Z] FALCON metrics | xtrack=0.95m head_err=96.7deg sideslip=-2.6deg front_clear=20.00m geom_clear=14.00m tilt=0.0deg progress=-0.01mps
[2026-09-28T16:56:08Z] FALCON metrics | xtrack=0.94m head_err=96.7deg sideslip=4.0deg front_clear=20.00m geom_clear=14.00m tilt=0.0deg progress=0.02mps
[2026-09-28T16:56:09Z] FALCON metrics | xtrack=0.95m head_err=96.7deg sideslip=-0.3deg front_clear=20.00m geom_clear=14.00m tilt=0.0deg progress=-0.00mps
[2026-09-28T16:56:11Z] FALCON metrics | xtrack=0.96m head_err=96.7deg sideslip=0.8deg front_clear=20.00m geom_clear=14.00m tilt=0.0deg progress=0.00mps
[2026-09-28T16:56:12Z] FALCON metrics | xtrack=0.96m head_err=96.7deg sideslip=-1.2deg front_clear=20.00m geom_clear=14.00m tilt=0.0deg progress=-0.01mps
[2026-09-28T16:56:14Z] FALCON metrics | xtrack=0.96m head_err=96.7deg sideslip=1.6deg front_clear=20.00m geom_clear=14.00m tilt=0.0deg progress=0.01mps
[2026-09-28T16:56:16Z] FALCON metrics | xtrack=0.93m head_err=96.7deg sideslip=-1.8deg front_clear=20.00m geom_clear=14.00m tilt=0.0deg progress=-0.01mps
[2026-09-28T16:56:17Z] FALCON metrics | xtrack=0.95m head_err=96.7deg sideslip=-2.0deg front_clear=20.00m geom_clear=14.00m tilt=0.0deg progress=-0.01mps
[2026-09-28T16:56:19Z] FALCON metrics | xtrack=0.97m head_err=96.7deg sideslip=2.5deg front_clear=20.00m geom_clear=14.00m tilt=0.0deg progress=0.01mps
[2026-09-28T16:56:20Z] FALCON metrics | xtrack=0.98m head_err=96.7deg sideslip=-0.3deg front_clear=20.00m geom_clear=14.00m tilt=0.0deg progress=0.00mps
[2026-09-28T16:56:22Z] FALCON metrics | xtrack=0.93m head_err=96.7deg sideslip=2.4deg front_clear=20.00m geom_clear=14.00m tilt=0.0deg progress=0.01mps
[2026-09-28T16:56:24Z] FALCON metrics | xtrack=0.96m head_err=96.6deg sideslip=2.5deg front_clear=20.00m geom_clear=14.00m tilt=0.0deg progress=0.01mps
[2026-09-28T16:56:25Z] FALCON metrics | xtrack=0.98m head_err=96.7deg sideslip=-2.6deg front_clear=20.00m geom_clear=14.00m tilt=0.0deg progress=-0.01mps
[2026-09-28T16:56:27Z] FALCON metrics | xtrack=0.96m head_err=96.7deg sideslip=3.9deg front_clear=20.00m geom_clear=14.00m tilt=0.0deg progress=0.02mps
[2026-09-28T16:56:28Z] FALCON metrics | xtrack=0.95m head_err=96.7deg sideslip=2.6deg front_clear=20.00m geom_clear=14.00m tilt=0.0deg progress=0.02mps
[2026-09-28T16:56:30Z] FALCON metrics | xtrack=0.94m head_err=96.7deg sideslip=-1.7deg front_clear=20.00m geom_clear=14.00m tilt=0.0deg progress=-0.01mps
[2026-09-28T16:56:32Z] FALCON metrics | xtrack=0.94m head_err=96.7deg sideslip=0.1deg front_clear=20.00m geom_clear=14.00m tilt=0.0deg progress=-0.00mps
[2026-09-28T16:56:33Z] FALCON metrics | xtrack=0.93m head_err=96.6deg sideslip=2.4deg front_clear=20.00m geom_clear=14.00m tilt=0.0deg progress=0.01mps
[2026-09-28T16:56:35Z] FALCON metrics | xtrack=0.96m head_err=96.7deg sideslip=1.3deg front_clear=20.00m geom_clear=14.00m tilt=0.0deg progress=0.00mps
[2026-09-28T16:56:36Z] FALCON metrics | xtrack=0.98m head_err=96.7deg sideslip=0.4deg front_clear=20.00m geom_clear=14.00m tilt=0.0deg progress=0.00mps
[2026-09-28T16:56:38Z] FALCON metrics | xtrack=0.96m head_err=96.7deg sideslip=-1.0deg front_clear=20.00m geom_clear=14.00m tilt=0.0deg progress=-0.01mps
[2026-09-28T16:56:40Z] FALCON metrics | xtrack=0.94m head_err=96.7deg sideslip=0.1deg front_clear=20.00m geom_clear=14.00m tilt=0.0deg progress=-0.00mps
[2026-09-28T16:56:41Z] FALCON metrics | xtrack=0.97m head_err=96.7deg sideslip=-1.9deg front_clear=20.00m geom_clear=14.00m tilt=0.0deg progress=-0.01mps
[2026-09-28T16:56:43Z] FALCON metrics | xtrack=0.97m head_err=96.7deg sideslip=4.5deg front_clear=20.00m geom_clear=14.00m tilt=0.0deg progress=0.02mps
[2026-09-28T16:56:44Z] FALCON metrics | xtrack=0.95m head_err=96.7deg sideslip=-3.0deg front_clear=20.00m geom_clear=14.00m tilt=0.0deg progress=-0.02mps
[2026-09-28T16:56:46Z] FALCON metrics | xtrack=0.96m head_err=96.7deg sideslip=-3.5deg front_clear=20.00m geom_clear=14.00m tilt=0.0deg progress=-0.02mps
[2026-09-28T16:56:48Z] FALCON metrics | xtrack=0.94m head_err=96.7deg sideslip=3.6deg front_clear=20.00m geom_clear=14.00m tilt=0.0deg progress=0.02mps
[2026-09-28T16:56:49Z] FALCON metrics | xtrack=0.91m head_err=96.7deg sideslip=3.5deg front_clear=20.00m geom_clear=14.00m tilt=0.0deg progress=0.01mps
[2026-09-28T16:56:51Z] FALCON metrics | xtrack=0.99m head_err=96.7deg sideslip=-0.1deg front_clear=20.00m geom_clear=14.00m tilt=0.0deg progress=-0.01mps
[2026-09-28T16:56:52Z] FALCON metrics | xtrack=0.98m head_err=96.7deg sideslip=0.0deg front_clear=20.00m geom_clear=14.00m tilt=0.0deg progress=0.00mps
[2026-09-28T16:56:54Z] FALCON metrics | xtrack=0.97m head_err=96.7deg sideslip=4.4deg front_clear=20.00m geom_clear=14.00m tilt=0.0deg progress=0.03mps
[2026-09-28T16:56:56Z] FALCON metrics | xtrack=0.95m head_err=96.7deg sideslip=2.8deg front_clear=20.00m geom_clear=14.00m tilt=0.0deg progress=0.02mps
[2026-09-28T16:56:57Z] FALCON metrics | xtrack=0.99m head_err=96.7deg sideslip=1.4deg front_clear=20.00m geom_clear=14.00m tilt=0.0deg progress=0.01mps
[2026-09-28T16:56:59Z] FALCON metrics | xtrack=0.97m head_err=96.6deg sideslip=-4.8deg front_clear=20.00m geom_clear=14.00m tilt=0.0deg progress=-0.02mps
[2026-09-28T16:57:00Z] FALCON metrics | xtrack=0.97m head_err=96.7deg sideslip=-0.2deg front_clear=20.00m geom_clear=14.00m tilt=0.0deg progress=0.00mps
[2026-09-28T16:57:02Z] FALCON metrics | xtrack=0.95m head_err=96.6deg sideslip=4.2deg front_clear=20.00m geom_clear=14.00m tilt=0.0deg progress=0.02mps
[2026-09-28T16:57:04Z] FALCON metrics | xtrack=0.97m head_err=96.7deg sideslip=0.3deg front_clear=20.00m geom_clear=14.00m tilt=0.0deg progress=0.00mps
[2026-09-28T16:57:05Z] FALCON metrics | xtrack=0.95m head_err=96.7deg sideslip=-1.2deg front_clear=20.00m geom_clear=14.00m tilt=0.0deg progress=-0.00mps
[2026-09-28T16:57:07Z] FALCON metrics | xtrack=0.97m head_err=96.7deg sideslip=-2.5deg front_clear=20.00m geom_clear=14.00m tilt=0.0deg progress=-0.01mps
[2026-09-28T16:57:08Z] FALCON metrics | xtrack=0.96m head_err=96.7deg sideslip=-2.5deg front_clear=20.00m geom_clear=14.00m tilt=0.0deg progress=-0.01mps
[2026-09-28T16:57:10Z] FALCON metrics | xtrack=0.98m head_err=96.7deg sideslip=0.4deg front_clear=20.00m geom_clear=14.00m tilt=0.0deg progress=0.00mps
[2026-09-28T16:57:12Z] FALCON metrics | xtrack=0.93m head_err=96.7deg sideslip=3.7deg front_clear=20.00m geom_clear=14.00m tilt=0.0deg progress=0.02mps
[2026-09-28T16:57:13Z] FALCON metrics | xtrack=0.94m head_err=96.7deg sideslip=-0.2deg front_clear=20.00m geom_clear=14.00m tilt=0.0deg progress=-0.00mps
[2026-09-28T16:57:15Z] FALCON metrics | xtrack=0.96m head_err=96.6deg sideslip=-3.2deg front_clear=20.00m geom_clear=14.00m tilt=0.0deg progress=-0.02mps
[2026-09-28T16:57:17Z] FALCON metrics | xtrack=0.97m head_err=96.7deg sideslip=-1.5deg front_clear=20.00m geom_clear=14.00m tilt=0.0deg progress=-0.00mps
[2026-09-28T16:57:18Z] FALCON metrics | xtrack=0.95m head_err=96.7deg sideslip=0.8deg front_clear=20.00m geom_clear=14.00m tilt=0.0deg progress=0.00mps
[2026-09-28T16:57:20Z] FALCON metrics | xtrack=0.97m head_err=96.7deg sideslip=-3.9deg front_clear=20.00m geom_clear=14.00m tilt=0.0deg progress=-0.02mps
[2026-09-28T16:57:21Z] FALCON metrics | xtrack=0.94m head_err=96.7deg sideslip=0.8deg front_clear=20.00m geom_clear=14.00m tilt=0.0deg progress=0.00mps
[2026-09-28T16:57:23Z] FALCON metrics | xtrack=0.95m head_err=96.7deg sideslip=-0.5deg front_clear=20.00m geom_clear=14.00m tilt=0.0deg progress=-0.00mps
[2026-09-28T16:57:25Z] FALCON metrics | xtrack=0.96m head_err=96.7deg sideslip=-2.0deg front_clear=20.00m geom_clear=14.00m tilt=0.0deg progress=-0.01mps
[2026-09-28T16:57:26Z] FALCON metrics | xtrack=0.97m head_err=96.7deg sideslip=0.6deg front_clear=20.00m geom_clear=14.00m tilt=0.0deg progress=0.00mps
[2026-09-28T16:57:28Z] FALCON metrics | xtrack=0.98m head_err=96.7deg sideslip=-0.8deg front_clear=20.00m geom_clear=14.00m tilt=0.0deg progress=-0.00mps
[2026-09-28T16:57:29Z] FALCON metrics | xtrack=0.94m head_err=96.7deg sideslip=3.6deg front_clear=20.00m geom_clear=14.00m tilt=0.0deg progress=0.02mps
[2026-09-28T16:57:31Z] FALCON metrics | xtrack=0.94m head_err=96.7deg sideslip=-1.2deg front_clear=20.00m geom_clear=14.00m tilt=0.0deg progress=-0.01mps
[2026-09-28T16:57:33Z] FALCON metrics | xtrack=0.95m head_err=96.7deg sideslip=1.5deg front_clear=20.00m geom_clear=14.00m tilt=0.0deg progress=0.00mps
[2026-09-28T16:57:34Z] FALCON metrics | xtrack=0.98m head_err=96.7deg sideslip=-0.9deg front_clear=20.00m geom_clear=14.00m tilt=0.0deg progress=-0.00mps
[2026-09-28T16:57:36Z] FALCON metrics | xtrack=0.95m head_err=96.7deg sideslip=-0.9deg front_clear=20.00m geom_clear=14.00m tilt=0.0deg progress=-0.00mps
[2026-09-28T16:57:37Z] FALCON metrics | xtrack=0.96m head_err=96.7deg sideslip=0.6deg front_clear=20.00m geom_clear=14.00m tilt=0.0deg progress=0.00mps
[2026-09-28T16:57:39Z] FALCON metrics | xtrack=0.93m head_err=96.7deg sideslip=0.4deg front_clear=20.00m geom_clear=14.00m tilt=0.0deg progress=0.00mps
[2026-09-28T16:57:41Z] FALCON metrics | xtrack=0.97m head_err=96.6deg sideslip=2.6deg front_clear=20.00m geom_clear=14.00m tilt=0.0deg progress=0.01mps
[2026-09-28T16:57:42Z] FALCON metrics | xtrack=0.96m head_err=96.7deg sideslip=0.7deg front_clear=20.00m geom_clear=14.00m tilt=0.0deg progress=0.00mps
[2026-09-28T16:57:44Z] FALCON metrics | xtrack=0.97m head_err=96.7deg sideslip=-2.8deg front_clear=20.00m geom_clear=14.00m tilt=0.0deg progress=-0.01mps
[2026-09-28T16:57:45Z] FALCON metrics | xtrack=0.97m head_err=96.7deg sideslip=0.7deg front_clear=20.00m geom_clear=14.00m tilt=0.0deg progress=0.00mps
[2026-09-28T16:57:47Z] FALCON metrics | xtrack=0.97m head_err=96.7deg sideslip=-0.2deg front_clear=20.00m geom_clear=14.00m tilt=0.0deg progress=-0.00mps
[2026-09-28T16:57:49Z] FALCON metrics | xtrack=0.96m head_err=96.7deg sideslip=0.7deg front_clear=20.00m geom_clear=14.00m tilt=0.0deg progress=0.01mps
[2026-09-28T16:57:50Z] FALCON metrics | xtrack=0.95m head_err=96.7deg sideslip=-2.1deg front_clear=20.00m geom_clear=14.00m tilt=0.0deg progress=-0.01mps
[2026-09-28T16:57:52Z] FALCON metrics | xtrack=0.97m head_err=96.7deg sideslip=-2.0deg front_clear=20.00m geom_clear=14.00m tilt=0.0deg progress=-0.01mps
[2026-09-28T16:57:53Z] FALCON metrics | xtrack=0.94m head_err=96.7deg sideslip=-1.3deg front_clear=20.00m geom_clear=14.00m tilt=0.0deg progress=-0.01mps
[2026-09-28T16:57:55Z] FALCON metrics | xtrack=0.96m head_err=96.7deg sideslip=0.2deg front_clear=20.00m geom_clear=14.00m tilt=0.0deg progress=-0.00mps
[2026-09-28T16:57:57Z] FALCON metrics | xtrack=0.95m head_err=96.6deg sideslip=0.4deg front_clear=20.00m geom_clear=14.00m tilt=0.0deg progress=0.00mps
[2026-09-28T16:57:58Z] FALCON metrics | xtrack=0.94m head_err=96.7deg sideslip=-1.1deg front_clear=20.00m geom_clear=14.00m tilt=0.0deg progress=-0.01mps
[2026-09-28T16:58:00Z] FALCON metrics | xtrack=0.94m head_err=96.7deg sideslip=1.0deg front_clear=20.00m geom_clear=14.00m tilt=0.0deg progress=0.00mps
[2026-09-28T16:58:01Z] FALCON metrics | xtrack=0.96m head_err=96.7deg sideslip=-1.7deg front_clear=20.00m geom_clear=14.00m tilt=0.0deg progress=-0.01mps
[2026-09-28T16:58:03Z] --> Received Command: land
Received ack for not-existing command: 176! Ignoring... (mavlink_command_sender.cpp:304)
[2026-09-28T16:58:03Z] FALCON metrics | xtrack=0.98m head_err=96.7deg sideslip=-1.1deg front_clear=20.00m geom_clear=14.00m tilt=0.0deg progress=-0.00mps
[2026-09-28T16:58:05Z] FALCON metrics | xtrack=0.98m head_err=96.7deg sideslip=4.4deg front_clear=20.00m geom_clear=14.00m tilt=0.0deg progress=0.03mps
[2026-09-28T16:58:06Z] FALCON metrics | xtrack=0.97m head_err=96.7deg sideslip=2.9deg front_clear=20.00m geom_clear=14.00m tilt=0.0deg progress=0.02mps
[2026-09-28T16:58:08Z] FALCON metrics | xtrack=0.97m head_err=96.6deg sideslip=3.9deg front_clear=20.00m geom_clear=14.00m tilt=0.0deg progress=0.02mps
[2026-09-28T16:58:09Z] FALCON metrics | xtrack=0.97m head_err=96.6deg sideslip=-6.4deg front_clear=20.00m geom_clear=14.00m tilt=0.0deg progress=-0.03mps
[2026-09-28T16:58:11Z] FALCON metrics | xtrack=0.94m head_err=96.7deg sideslip=3.7deg front_clear=20.00m geom_clear=14.00m tilt=0.0deg progress=0.02mps
[2026-09-28T16:58:13Z] FALCON metrics | xtrack=0.98m head_err=96.7deg sideslip=-2.7deg front_clear=20.00m geom_clear=14.00m tilt=0.0deg progress=-0.02mps
[2026-09-28T16:58:14Z] FALCON metrics | xtrack=0.96m head_err=96.7deg sideslip=0.9deg front_clear=20.00m geom_clear=14.00m tilt=0.0deg progress=0.01mps
