[2026-09-30T04:42:25Z] Teacher script started
[2026-09-30T04:42:25Z] --> Starting teacher (ONLINE)...
Loading map from obstacles.sdf...
Loaded 180 obstacles.
[2026-09-30T04:42:25Z] --> Map loaded.
Grid Size: 535x540, Bounds: x[-268.0,267.0] y[-270.0,270.0]
Rasterizing obstacles...
Computing clearance field...
Clearance field ready.
[2026-09-30T04:42:25Z] --> Grid ready.
[2026-09-30T04:42:25Z] --> Redis connected (Bridge Established) at 127.0.0.1:6379
[2026-09-30T04:42:25Z] --> Connecting to udpin://127.0.0.1:14540...
[2026-09-30T04:42:26Z] --> Waiting for drone (timeout 30s)...
[2026-09-30T04:42:26Z] --> Connected!
[2026-09-30T04:42:26Z] --> PX4 param applied: COM_ARM_WO_GPS=1
[2026-09-30T04:42:26Z] --> PX4 param applied: COM_DISARM_PRFLT=60.0
[2026-09-30T04:42:26Z] --> PX4 param applied: COM_PREARM_MODE=0
--> Control bridge mode active; awaiting app commands...
[2026-09-30T04:42:28Z] FALCON metrics | xtrack=-0.00m head_err=0.0deg sideslip=-0.4deg front_clear=20.00m geom_clear=14.00m tilt=0.0deg progress=0.00mps
[2026-09-30T04:42:29Z] FALCON metrics | xtrack=-0.00m head_err=0.0deg sideslip=1.9deg front_clear=20.00m geom_clear=14.00m tilt=0.0deg progress=-0.00mps
[2026-09-30T04:42:31Z] FALCON metrics | xtrack=0.00m head_err=0.0deg sideslip=1.6deg front_clear=20.00m geom_clear=14.00m tilt=0.0deg progress=0.01mps
[2026-09-30T04:42:33Z] FALCON metrics | xtrack=0.00m head_err=0.0deg sideslip=1.8deg front_clear=20.00m geom_clear=14.00m tilt=0.0deg progress=-0.01mps
[2026-09-30T04:42:34Z] FALCON metrics | xtrack=-0.00m head_err=0.0deg sideslip=1.8deg front_clear=20.00m geom_clear=14.00m tilt=0.0deg progress=-0.00mps
[2026-09-30T04:42:36Z] FALCON metrics | xtrack=0.00m head_err=0.0deg sideslip=-0.6deg front_clear=20.00m geom_clear=14.00m tilt=0.0deg progress=-0.01mps
[2026-09-30T04:42:37Z] FALCON metrics | xtrack=0.00m head_err=0.0deg sideslip=-1.3deg front_clear=20.00m geom_clear=14.00m tilt=0.0deg progress=-0.01mps
[2026-09-30T04:42:39Z] FALCON metrics | xtrack=-0.00m head_err=0.0deg sideslip=1.9deg front_clear=20.00m geom_clear=14.00m tilt=0.0deg progress=-0.01mps
[2026-09-30T04:42:41Z] FALCON metrics | xtrack=0.00m head_err=0.0deg sideslip=0.3deg front_clear=20.00m geom_clear=14.00m tilt=0.0deg progress=-0.00mps
[2026-09-30T04:42:42Z] FALCON metrics | xtrack=0.00m head_err=0.0deg sideslip=-2.2deg front_clear=20.00m geom_clear=14.00m tilt=0.0deg progress=-0.01mps
[2026-09-30T04:42:42Z] --> Received Command: mission_start
[2026-09-30T04:42:45Z] --> External mission armed; awaiting climb to 10.0m
[2026-09-30T04:42:45Z] FALCON metrics | xtrack=0.00m head_err=-114.2deg sideslip=0.4deg front_clear=20.00m geom_clear=14.00m tilt=0.0deg progress=-0.00mps
[2026-09-30T04:42:47Z] FALCON metrics | xtrack=0.00m head_err=-145.9deg sideslip=0.6deg front_clear=20.00m geom_clear=14.00m tilt=0.0deg progress=-0.01mps
[2026-09-30T04:42:48Z] FALCON metrics | xtrack=-0.00m head_err=-16.2deg sideslip=-5.4deg front_clear=20.00m geom_clear=14.00m tilt=0.5deg progress=-0.08mps
[2026-09-30T04:42:50Z] FALCON metrics | xtrack=0.00m head_err=9.9deg sideslip=0.2deg front_clear=20.00m geom_clear=14.00m tilt=0.4deg progress=0.05mps
[2026-09-30T04:42:51Z] FALCON metrics | xtrack=0.00m head_err=162.9deg sideslip=6.9deg front_clear=20.00m geom_clear=14.00m tilt=0.0deg progress=-0.01mps
[2026-09-30T04:42:53Z] FALCON metrics | xtrack=0.00m head_err=-101.1deg sideslip=-2.2deg front_clear=20.00m geom_clear=14.00m tilt=0.0deg progress=0.01mps
[2026-09-30T04:42:55Z] --> External mission navigation engaged for waypoint 1
Planning A* to -0,25...
Path found! 2 waypoints
[2026-09-30T04:42:55Z] FALCON metrics | xtrack=0.98m head_err=97.0deg sideslip=-2.9deg front_clear=20.00m geom_clear=14.00m tilt=0.0deg progress=-0.02mps
Received ack for not-existing command: 176! Ignoring... (mavlink_command_sender.cpp:304)
[2026-09-30T04:42:57Z] FALCON metrics | xtrack=1.02m head_err=77.1deg sideslip=-2.6deg front_clear=20.00m geom_clear=14.00m tilt=0.0deg progress=-0.00mps
[2026-09-30T04:42:59Z] FALCON metrics | xtrack=1.18m head_err=60.6deg sideslip=-2.0deg front_clear=20.00m geom_clear=14.00m tilt=0.0deg progress=0.02mps
[2026-09-30T04:43:00Z] FALCON metrics | xtrack=1.28m head_err=44.2deg sideslip=-2.5deg front_clear=20.00m geom_clear=14.00m tilt=0.0deg progress=0.04mps
[2026-09-30T04:43:02Z] FALCON metrics | xtrack=1.37m head_err=27.8deg sideslip=-2.1deg front_clear=20.00m geom_clear=14.00m tilt=0.0deg progress=0.08mps
[2026-09-30T04:43:03Z] FALCON metrics | xtrack=1.51m head_err=11.0deg sideslip=-4.3deg front_clear=20.00m geom_clear=14.00m tilt=0.1deg progress=0.75mps
[2026-09-30T04:43:05Z] FALCON metrics | xtrack=1.69m head_err=-0.8deg sideslip=-1.8deg front_clear=20.00m geom_clear=14.00m tilt=0.1deg progress=1.78mps
[2026-09-30T04:43:07Z] FALCON metrics | xtrack=1.65m head_err=0.3deg sideslip=-0.5deg front_clear=20.00m geom_clear=14.00m tilt=0.0deg progress=1.85mps
[2026-09-30T04:43:08Z] FALCON metrics | xtrack=1.65m head_err=0.1deg sideslip=-1.1deg front_clear=20.00m geom_clear=14.00m tilt=0.0deg progress=1.86mps
[2026-09-30T04:43:10Z] FALCON metrics | xtrack=1.55m head_err=0.2deg sideslip=-0.5deg front_clear=20.00m geom_clear=14.00m tilt=0.0deg progress=1.84mps
[2026-09-30T04:43:12Z] FALCON metrics | xtrack=1.44m head_err=0.4deg sideslip=-0.7deg front_clear=20.00m geom_clear=14.00m tilt=0.0deg progress=1.83mps
[2026-09-30T04:43:13Z] FALCON metrics | xtrack=1.25m head_err=0.4deg sideslip=-0.5deg front_clear=20.00m geom_clear=14.00m tilt=0.0deg progress=1.81mps
[2026-09-30T04:43:15Z] FALCON metrics | xtrack=1.00m head_err=0.6deg sideslip=-0.7deg front_clear=20.00m geom_clear=14.00m tilt=0.0deg progress=1.80mps
[2026-09-30T04:43:16Z] FALCON metrics | xtrack=0.65m head_err=1.1deg sideslip=-1.0deg front_clear=20.00m geom_clear=14.00m tilt=0.0deg progress=1.79mps
[2026-09-30T04:43:17Z] --> External mission advanced to waypoint 2/4
Planning A* to 25,25...
Path found! 2 waypoints
[2026-09-30T04:43:18Z] FALCON metrics | xtrack=-1.44m head_err=-95.1deg sideslip=0.1deg front_clear=20.00m geom_clear=14.00m tilt=0.0deg progress=-0.13mps
[2026-09-30T04:43:20Z] FALCON metrics | xtrack=-1.66m head_err=-78.7deg sideslip=-2.5deg front_clear=20.00m geom_clear=14.00m tilt=0.0deg progress=0.01mps
[2026-09-30T04:43:21Z] FALCON metrics | xtrack=-1.76m head_err=-62.3deg sideslip=-2.4deg front_clear=20.00m geom_clear=14.00m tilt=0.0deg progress=0.02mps
[2026-09-30T04:43:23Z] FALCON metrics | xtrack=-1.73m head_err=-46.0deg sideslip=-7.7deg front_clear=20.00m geom_clear=14.00m tilt=0.0deg progress=0.05mps
[2026-09-30T04:43:24Z] FALCON metrics | xtrack=-1.71m head_err=-29.7deg sideslip=-5.1deg front_clear=20.00m geom_clear=14.00m tilt=0.0deg progress=0.09mps
[2026-09-30T04:43:26Z] FALCON metrics | xtrack=-1.78m head_err=-13.6deg sideslip=2.7deg front_clear=20.00m geom_clear=14.00m tilt=0.0deg progress=0.47mps
[2026-09-30T04:43:28Z] FALCON metrics | xtrack=-2.07m head_err=0.9deg sideslip=4.8deg front_clear=20.00m geom_clear=14.00m tilt=0.0deg progress=1.73mps
[2026-09-30T04:43:29Z] FALCON metrics | xtrack=-2.08m head_err=-0.3deg sideslip=0.1deg front_clear=20.00m geom_clear=14.00m tilt=0.0deg progress=1.85mps
[2026-09-30T04:43:31Z] FALCON metrics | xtrack=-1.99m head_err=-0.4deg sideslip=0.0deg front_clear=20.00m geom_clear=14.00m tilt=0.0deg progress=1.85mps
[2026-09-30T04:43:32Z] FALCON metrics | xtrack=-1.88m head_err=-0.4deg sideslip=0.4deg front_clear=20.00m geom_clear=14.00m tilt=0.0deg progress=1.84mps
[2026-09-30T04:43:34Z] FALCON metrics | xtrack=-1.65m head_err=-0.5deg sideslip=0.1deg front_clear=20.00m geom_clear=14.00m tilt=0.0deg progress=1.82mps
[2026-09-30T04:43:36Z] FALCON metrics | xtrack=-1.34m head_err=-0.6deg sideslip=0.5deg front_clear=17.30m geom_clear=14.00m tilt=0.0deg progress=1.81mps
[2026-09-30T04:43:37Z] FALCON metrics | xtrack=-1.02m head_err=-2.2deg sideslip=1.7deg front_clear=15.17m geom_clear=12.44m tilt=0.0deg progress=1.78mps
[2026-09-30T04:43:39Z] --> External mission advanced to waypoint 3/4
Planning A* to 25,-0...
Path found! 2 waypoints
[2026-09-30T04:43:39Z] FALCON metrics | xtrack=-0.58m head_err=-82.9deg sideslip=4.2deg front_clear=12.09m geom_clear=9.28m tilt=0.2deg progress=0.44mps
[2026-09-30T04:43:41Z] FALCON metrics | xtrack=-1.58m head_err=-68.8deg sideslip=-7.0deg front_clear=11.67m geom_clear=8.25m tilt=0.0deg progress=0.07mps
[2026-09-30T04:43:42Z] FALCON metrics | xtrack=-1.65m head_err=-52.8deg sideslip=-7.0deg front_clear=12.89m geom_clear=8.17m tilt=0.0deg progress=0.04mps
[2026-09-30T04:43:44Z] FALCON metrics | xtrack=-1.67m head_err=-37.1deg sideslip=-7.8deg front_clear=16.36m geom_clear=8.15m tilt=0.0deg progress=0.08mps
[2026-09-30T04:43:45Z] FALCON metrics | xtrack=-1.66m head_err=-16.8deg sideslip=-5.0deg front_clear=19.70m geom_clear=8.87m tilt=0.7deg progress=0.19mps
[2026-09-30T04:43:47Z] FALCON metrics | xtrack=-1.67m head_err=-0.1deg sideslip=-0.9deg front_clear=19.98m geom_clear=14.00m tilt=0.1deg progress=1.73mps
[2026-09-30T04:43:49Z] FALCON metrics | xtrack=-1.66m head_err=-0.1deg sideslip=0.2deg front_clear=20.00m geom_clear=14.00m tilt=0.0deg progress=1.85mps
[2026-09-30T04:43:50Z] FALCON metrics | xtrack=-1.54m head_err=-0.2deg sideslip=-0.4deg front_clear=20.00m geom_clear=14.00m tilt=0.0deg progress=1.85mps
[2026-09-30T04:43:52Z] FALCON metrics | xtrack=-1.42m head_err=-0.3deg sideslip=0.2deg front_clear=19.01m geom_clear=14.00m tilt=0.0deg progress=1.85mps
[2026-09-30T04:43:53Z] FALCON metrics | xtrack=-1.31m head_err=-0.6deg sideslip=0.3deg front_clear=15.87m geom_clear=13.85m tilt=0.0deg progress=1.82mps
[2026-09-30T04:43:55Z] FALCON metrics | xtrack=-1.03m head_err=-1.9deg sideslip=2.2deg front_clear=12.92m geom_clear=10.92m tilt=0.0deg progress=1.78mps
[2026-09-30T04:43:57Z] FALCON metrics | xtrack=-0.57m head_err=-1.0deg sideslip=1.9deg front_clear=17.15m geom_clear=8.09m tilt=0.0deg progress=1.77mps
[2026-09-30T04:43:58Z] FALCON metrics | xtrack=0.13m head_err=2.9deg sideslip=-0.5deg front_clear=19.79m geom_clear=5.38m tilt=0.1deg progress=1.70mps
[2026-09-30T04:43:59Z] --> External mission advanced to waypoint 4/4
Planning A* to -0,-0...
Path found! 2 waypoints
[2026-09-30T04:44:00Z] FALCON metrics | xtrack=-0.56m head_err=-77.5deg sideslip=-2.1deg front_clear=19.98m geom_clear=3.66m tilt=0.0deg progress=0.09mps
[2026-09-30T04:44:01Z] FALCON metrics | xtrack=-0.66m head_err=-60.4deg sideslip=-5.4deg front_clear=20.00m geom_clear=3.59m tilt=0.0deg progress=0.03mps
[2026-09-30T04:44:02Z] Stuck-hover escape -> replan current objective (2.0s stuck, speed=0.03, front=20.00, geom=3.58)
Planning A* to -0,-0...
Path found! 2 waypoints
[2026-09-30T04:44:03Z] FALCON metrics | xtrack=0.30m head_err=-45.3deg sideslip=-6.1deg front_clear=20.00m geom_clear=14.00m tilt=0.0deg progress=0.04mps
[2026-09-30T04:44:05Z] FALCON metrics | xtrack=0.30m head_err=-29.1deg sideslip=-7.3deg front_clear=20.00m geom_clear=14.00m tilt=0.0deg progress=0.08mps
[2026-09-30T04:44:06Z] FALCON metrics | xtrack=0.30m head_err=-12.8deg sideslip=-1.9deg front_clear=20.00m geom_clear=14.00m tilt=0.0deg progress=0.39mps
[2026-09-30T04:44:08Z] FALCON metrics | xtrack=0.02m head_err=0.8deg sideslip=4.4deg front_clear=20.00m geom_clear=14.00m tilt=0.1deg progress=1.72mps
[2026-09-30T04:44:10Z] FALCON metrics | xtrack=-0.01m head_err=-0.1deg sideslip=-0.5deg front_clear=20.00m geom_clear=14.00m tilt=0.0deg progress=1.86mps
[2026-09-30T04:44:11Z] FALCON metrics | xtrack=0.01m head_err=-0.0deg sideslip=-0.6deg front_clear=20.00m geom_clear=14.00m tilt=0.0deg progress=1.86mps
[2026-09-30T04:44:13Z] FALCON metrics | xtrack=0.03m head_err=-0.0deg sideslip=-0.4deg front_clear=20.00m geom_clear=14.00m tilt=0.0deg progress=1.85mps
[2026-09-30T04:44:14Z] FALCON metrics | xtrack=0.06m head_err=0.0deg sideslip=-0.3deg front_clear=20.00m geom_clear=14.00m tilt=0.0deg progress=1.83mps
[2026-09-30T04:44:16Z] FALCON metrics | xtrack=0.05m head_err=0.1deg sideslip=-0.2deg front_clear=20.00m geom_clear=14.00m tilt=0.0deg progress=1.83mps
[2026-09-30T04:44:18Z] FALCON metrics | xtrack=0.08m head_err=0.2deg sideslip=-0.5deg front_clear=20.00m geom_clear=14.00m tilt=0.0deg progress=1.82mps
[2026-09-30T04:44:19Z] --> External mission completed
[2026-09-30T04:44:19Z] FALCON metrics | xtrack=0.00m head_err=0.0deg sideslip=0.0deg front_clear=20.00m geom_clear=14.00m tilt=0.0deg progress=-1.48mps
[2026-09-30T04:44:20Z] --> Received Command: land
Received ack for not-existing command: 176! Ignoring... (mavlink_command_sender.cpp:304)
[2026-09-30T04:44:21Z] FALCON metrics | xtrack=-0.00m head_err=0.0deg sideslip=-0.6deg front_clear=20.00m geom_clear=14.00m tilt=0.0deg progress=-0.56mps
[2026-09-30T04:44:22Z] FALCON metrics | xtrack=0.00m head_err=0.0deg sideslip=1.1deg front_clear=20.00m geom_clear=14.00m tilt=0.0deg progress=0.00mps
[2026-09-30T04:44:24Z] FALCON metrics | xtrack=0.00m head_err=0.0deg sideslip=9.1deg front_clear=20.00m geom_clear=14.00m tilt=0.0deg progress=-0.05mps
[2026-09-30T04:44:26Z] FALCON metrics | xtrack=0.00m head_err=0.0deg sideslip=-0.6deg front_clear=20.00m geom_clear=14.00m tilt=0.0deg progress=-0.02mps
[2026-09-30T04:44:27Z] FALCON metrics | xtrack=0.00m head_err=0.0deg sideslip=4.1deg front_clear=20.00m geom_clear=14.00m tilt=0.0deg progress=-0.02mps
[2026-09-30T04:44:29Z] FALCON metrics | xtrack=0.00m head_err=0.0deg sideslip=1.0deg front_clear=20.00m geom_clear=14.00m tilt=0.0deg progress=-0.01mps
[2026-09-30T04:44:30Z] FALCON metrics | xtrack=0.00m head_err=0.0deg sideslip=-2.9deg front_clear=20.00m geom_clear=14.00m tilt=0.0deg progress=-0.00mps
[2026-09-30T04:44:32Z] FALCON metrics | xtrack=0.00m head_err=0.0deg sideslip=-0.9deg front_clear=20.00m geom_clear=14.00m tilt=0.0deg progress=-0.02mps
